baseline (no scatter): 94.36
  B=  0 raw           15.29
  B=  0 c_sort        60.59
  B=  0 c_align       83.67
  B=  0 invariants    72.51
  B=  0 delta_sym = +79.07 pts   (functional gap 5.96e-07)
  B=  1 raw           15.31
  B=  1 c_sort        60.83
  B=  1 c_align       83.50
  B=  1 invariants    72.40
  B=  1 delta_sym = +79.04 pts   (functional gap 3.87e-06)
  B=  3 raw           15.57
  B=  3 c_sort        61.12
  B=  3 c_align       83.52
  B=  3 invariants    72.26
  B=  3 delta_sym = +78.79 pts   (functional gap 4.29e-06)
  B= 10 raw           15.27
  B= 10 c_sort        60.79
  B= 10 c_align       83.27
  B= 10 invariants    72.44
  B= 10 delta_sym = +79.09 pts   (functional gap 8.70e-06)

wrote /Users/dmr/Development/Projects/ai-research/project-siren-gap/results/s6/orbit_mnist.json
