shard_000000: 256 fits in 5.0s  psnr_med=39.2dB  overall 50.6 fits/s
shard_000256: 256 fits in 4.6s  psnr_med=39.1dB  overall 53.0 fits/s
shard_000512: 256 fits in 4.6s  psnr_med=39.0dB  overall 53.7 fits/s
shard_000768: 256 fits in 4.6s  psnr_med=39.2dB  overall 54.2 fits/s
shard_001024: 256 fits in 4.7s  psnr_med=38.9dB  overall 54.3 fits/s
shard_001280: 256 fits in 4.6s  psnr_med=39.0dB  overall 54.6 fits/s
shard_001536: 256 fits in 4.6s  psnr_med=39.1dB  overall 54.7 fits/s
shard_001792: 256 fits in 4.6s  psnr_med=39.0dB  overall 54.8 fits/s
shard_002048: 256 fits in 4.6s  psnr_med=39.2dB  overall 54.9 fits/s
shard_002304: 256 fits in 4.6s  psnr_med=39.1dB  overall 55.0 fits/s
shard_002560: 256 fits in 4.6s  psnr_med=39.2dB  overall 55.0 fits/s
shard_002816: 256 fits in 4.6s  psnr_med=39.1dB  overall 55.1 fits/s
shard_003072: 256 fits in 4.6s  psnr_med=39.2dB  overall 55.1 fits/s
shard_003328: 256 fits in 4.6s  psnr_med=38.9dB  overall 55.2 fits/s
shard_003584: 256 fits in 4.6s  psnr_med=39.2dB  overall 55.2 fits/s
shard_003840: 256 fits in 4.6s  psnr_med=39.1dB  overall 55.2 fits/s
shard_004096: 256 fits in 4.6s  psnr_med=39.3dB  overall 55.2 fits/s
shard_004352: 256 fits in 4.6s  psnr_med=39.2dB  overall 55.3 fits/s
shard_004608: 256 fits in 4.6s  psnr_med=39.5dB  overall 55.3 fits/s
shard_004864: 256 fits in 4.6s  psnr_med=39.3dB  overall 55.3 fits/s
shard_005120: 256 fits in 4.6s  psnr_med=39.4dB  overall 55.3 fits/s
shard_005376: 256 fits in 4.7s  psnr_med=39.2dB  overall 55.3 fits/s
shard_005632: 256 fits in 4.6s  psnr_med=39.1dB  overall 55.3 fits/s
shard_005888: 256 fits in 4.6s  psnr_med=38.9dB  overall 55.3 fits/s
shard_006144: 256 fits in 4.8s  psnr_med=39.4dB  overall 55.3 fits/s
shard_006400: 256 fits in 4.8s  psnr_med=39.2dB  overall 55.2 fits/s
shard_006656: 256 fits in 4.9s  psnr_med=39.0dB  overall 55.1 fits/s
shard_006912: 256 fits in 5.0s  psnr_med=39.2dB  overall 55.0 fits/s
shard_007168: 256 fits in 5.0s  psnr_med=38.7dB  overall 54.8 fits/s
shard_007424: 256 fits in 4.9s  psnr_med=39.4dB  overall 54.7 fits/s
shard_007680: 256 fits in 4.9s  psnr_med=39.1dB  overall 54.7 fits/s
shard_007936: 256 fits in 5.1s  psnr_med=38.9dB  overall 54.5 fits/s
shard_008192: 256 fits in 5.2s  psnr_med=39.0dB  overall 54.3 fits/s
shard_008448: 256 fits in 5.2s  psnr_med=38.8dB  overall 54.2 fits/s
shard_008704: 256 fits in 5.5s  psnr_med=38.9dB  overall 53.9 fits/s
shard_008960: 256 fits in 5.4s  psnr_med=39.3dB  overall 53.7 fits/s
shard_009216: 256 fits in 5.5s  psnr_med=39.1dB  overall 53.5 fits/s
shard_009472: 256 fits in 5.6s  psnr_med=39.1dB  overall 53.2 fits/s
shard_009728: 256 fits in 5.6s  psnr_med=39.3dB  overall 53.0 fits/s
shard_009984: 256 fits in 5.6s  psnr_med=39.1dB  overall 52.8 fits/s
shard_010240: 256 fits in 5.6s  psnr_med=39.4dB  overall 52.6 fits/s
shard_010496: 256 fits in 5.7s  psnr_med=39.1dB  overall 52.4 fits/s
shard_010752: 256 fits in 5.7s  psnr_med=39.2dB  overall 52.2 fits/s
shard_011008: 256 fits in 5.7s  psnr_med=39.2dB  overall 52.0 fits/s
shard_011264: 256 fits in 5.6s  psnr_med=39.1dB  overall 51.9 fits/s
shard_011520: 256 fits in 6.1s  psnr_med=38.8dB  overall 51.6 fits/s
shard_011776: 256 fits in 6.7s  psnr_med=39.0dB  overall 51.2 fits/s
shard_012032: 256 fits in 5.8s  psnr_med=39.0dB  overall 51.0 fits/s
shard_012288: 256 fits in 5.8s  psnr_med=39.1dB  overall 50.9 fits/s
shard_012544: 256 fits in 5.6s  psnr_med=39.3dB  overall 50.7 fits/s
shard_012800: 256 fits in 5.4s  psnr_med=38.8dB  overall 50.7 fits/s
shard_013056: 256 fits in 5.5s  psnr_med=39.0dB  overall 50.6 fits/s
shard_013312: 256 fits in 5.6s  psnr_med=39.4dB  overall 50.5 fits/s
shard_013568: 256 fits in 5.5s  psnr_med=38.8dB  overall 50.4 fits/s
shard_013824: 256 fits in 6.0s  psnr_med=39.2dB  overall 50.2 fits/s
shard_014080: 256 fits in 6.4s  psnr_med=39.1dB  overall 50.0 fits/s
shard_014336: 256 fits in 6.2s  psnr_med=39.0dB  overall 49.8 fits/s
shard_014592: 256 fits in 6.1s  psnr_med=38.8dB  overall 49.7 fits/s
shard_014848: 256 fits in 6.5s  psnr_med=39.0dB  overall 49.5 fits/s
shard_015104: 256 fits in 6.4s  psnr_med=39.2dB  overall 49.3 fits/s
shard_015360: 256 fits in 6.5s  psnr_med=39.1dB  overall 49.0 fits/s
shard_015616: 256 fits in 6.5s  psnr_med=39.3dB  overall 48.8 fits/s
shard_015872: 256 fits in 6.3s  psnr_med=38.8dB  overall 48.7 fits/s
shard_016128: 256 fits in 6.1s  psnr_med=39.2dB  overall 48.6 fits/s
shard_016384: 256 fits in 6.6s  psnr_med=39.4dB  overall 48.4 fits/s
shard_016640: 256 fits in 6.7s  psnr_med=39.1dB  overall 48.2 fits/s
shard_016896: 256 fits in 6.8s  psnr_med=38.9dB  overall 48.0 fits/s
shard_017152: 256 fits in 6.5s  psnr_med=39.1dB  overall 47.8 fits/s
shard_017408: 256 fits in 6.2s  psnr_med=38.9dB  overall 47.7 fits/s
shard_017664: 256 fits in 6.7s  psnr_med=39.1dB  overall 47.5 fits/s
shard_017920: 256 fits in 6.6s  psnr_med=39.1dB  overall 47.4 fits/s
shard_018176: 256 fits in 7.2s  psnr_med=39.1dB  overall 47.2 fits/s
shard_018432: 256 fits in 6.6s  psnr_med=39.1dB  overall 47.0 fits/s
shard_018688: 256 fits in 6.5s  psnr_med=39.2dB  overall 46.9 fits/s
shard_018944: 256 fits in 6.5s  psnr_med=39.2dB  overall 46.8 fits/s
shard_019200: 256 fits in 6.8s  psnr_med=39.2dB  overall 46.6 fits/s
shard_019456: 256 fits in 7.1s  psnr_med=39.2dB  overall 46.5 fits/s
shard_019712: 256 fits in 6.4s  psnr_med=39.4dB  overall 46.4 fits/s
shard_019968: 256 fits in 6.5s  psnr_med=39.2dB  overall 46.3 fits/s
shard_020224: 256 fits in 6.9s  psnr_med=38.9dB  overall 46.1 fits/s
shard_020480: 256 fits in 6.4s  psnr_med=39.2dB  overall 46.0 fits/s
shard_020736: 256 fits in 7.3s  psnr_med=39.0dB  overall 45.9 fits/s
shard_020992: 256 fits in 6.8s  psnr_med=39.4dB  overall 45.7 fits/s
shard_021248: 256 fits in 7.2s  psnr_med=39.5dB  overall 45.6 fits/s
shard_021504: 256 fits in 6.5s  psnr_med=39.3dB  overall 45.5 fits/s
shard_021760: 256 fits in 6.5s  psnr_med=39.3dB  overall 45.4 fits/s
shard_022016: 256 fits in 6.5s  psnr_med=39.4dB  overall 45.3 fits/s
shard_022272: 256 fits in 6.6s  psnr_med=39.0dB  overall 45.2 fits/s
shard_022528: 256 fits in 6.5s  psnr_med=38.8dB  overall 45.2 fits/s
shard_022784: 256 fits in 6.6s  psnr_med=39.2dB  overall 45.1 fits/s
shard_023040: 256 fits in 6.5s  psnr_med=39.1dB  overall 45.0 fits/s
shard_023296: 256 fits in 6.5s  psnr_med=39.1dB  overall 44.9 fits/s
shard_023552: 256 fits in 6.7s  psnr_med=39.1dB  overall 44.9 fits/s
shard_023808: 256 fits in 6.6s  psnr_med=39.1dB  overall 44.8 fits/s
shard_024064: 256 fits in 7.9s  psnr_med=39.1dB  overall 44.6 fits/s
shard_024320: 256 fits in 7.3s  psnr_med=39.1dB  overall 44.5 fits/s
shard_024576: 256 fits in 6.5s  psnr_med=39.0dB  overall 44.4 fits/s
shard_024832: 256 fits in 6.5s  psnr_med=39.0dB  overall 44.4 fits/s
shard_025088: 256 fits in 6.5s  psnr_med=39.3dB  overall 44.3 fits/s
shard_025344: 256 fits in 6.6s  psnr_med=39.2dB  overall 44.2 fits/s
shard_025600: 256 fits in 6.6s  psnr_med=39.2dB  overall 44.2 fits/s
shard_025856: 256 fits in 6.6s  psnr_med=39.3dB  overall 44.1 fits/s
shard_026112: 256 fits in 6.9s  psnr_med=39.1dB  overall 44.0 fits/s
shard_026368: 256 fits in 6.7s  psnr_med=38.8dB  overall 44.0 fits/s
shard_026624: 256 fits in 6.8s  psnr_med=39.1dB  overall 43.9 fits/s
shard_026880: 256 fits in 6.7s  psnr_med=39.4dB  overall 43.8 fits/s
shard_027136: 256 fits in 6.9s  psnr_med=39.2dB  overall 43.8 fits/s
shard_027392: 256 fits in 6.8s  psnr_med=39.3dB  overall 43.7 fits/s
shard_027648: 256 fits in 6.7s  psnr_med=39.2dB  overall 43.6 fits/s
shard_027904: 256 fits in 7.0s  psnr_med=39.2dB  overall 43.6 fits/s
shard_028160: 256 fits in 7.0s  psnr_med=39.0dB  overall 43.5 fits/s
shard_028416: 256 fits in 6.9s  psnr_med=39.1dB  overall 43.4 fits/s
shard_028672: 256 fits in 7.0s  psnr_med=39.3dB  overall 43.3 fits/s
shard_028928: 256 fits in 7.3s  psnr_med=39.1dB  overall 43.2 fits/s
shard_029184: 256 fits in 7.1s  psnr_med=39.1dB  overall 43.2 fits/s
shard_029440: 256 fits in 6.9s  psnr_med=39.3dB  overall 43.1 fits/s
shard_029696: 256 fits in 6.9s  psnr_med=38.9dB  overall 43.1 fits/s
shard_029952: 256 fits in 6.9s  psnr_med=39.0dB  overall 43.0 fits/s
shard_030208: 256 fits in 6.8s  psnr_med=39.5dB  overall 42.9 fits/s
shard_030464: 256 fits in 6.8s  psnr_med=39.2dB  overall 42.9 fits/s
shard_030720: 256 fits in 6.8s  psnr_med=39.1dB  overall 42.8 fits/s
shard_030976: 256 fits in 7.0s  psnr_med=39.2dB  overall 42.8 fits/s
shard_031232: 256 fits in 6.7s  psnr_med=39.0dB  overall 42.7 fits/s
shard_031488: 256 fits in 6.7s  psnr_med=39.2dB  overall 42.7 fits/s
shard_031744: 256 fits in 7.0s  psnr_med=39.2dB  overall 42.6 fits/s
shard_032000: 256 fits in 6.8s  psnr_med=39.0dB  overall 42.6 fits/s
shard_032256: 256 fits in 6.7s  psnr_med=38.9dB  overall 42.6 fits/s
shard_032512: 256 fits in 6.9s  psnr_med=39.1dB  overall 42.5 fits/s
shard_032768: 256 fits in 7.0s  psnr_med=39.4dB  overall 42.5 fits/s
shard_033024: 256 fits in 6.8s  psnr_med=39.2dB  overall 42.4 fits/s
shard_033280: 256 fits in 6.7s  psnr_med=39.1dB  overall 42.4 fits/s
shard_033536: 256 fits in 6.6s  psnr_med=39.0dB  overall 42.3 fits/s
shard_033792: 256 fits in 6.7s  psnr_med=38.7dB  overall 42.3 fits/s
shard_034048: 256 fits in 6.6s  psnr_med=39.2dB  overall 42.3 fits/s
shard_034304: 256 fits in 6.6s  psnr_med=39.3dB  overall 42.3 fits/s
shard_034560: 256 fits in 6.6s  psnr_med=38.9dB  overall 42.2 fits/s
shard_034816: 256 fits in 6.8s  psnr_med=39.2dB  overall 42.2 fits/s
shard_035072: 256 fits in 6.6s  psnr_med=39.1dB  overall 42.2 fits/s
shard_035328: 256 fits in 6.6s  psnr_med=39.1dB  overall 42.1 fits/s
shard_035584: 256 fits in 6.7s  psnr_med=39.2dB  overall 42.1 fits/s
shard_035840: 256 fits in 7.6s  psnr_med=39.0dB  overall 42.0 fits/s
shard_036096: 256 fits in 6.7s  psnr_med=39.3dB  overall 42.0 fits/s
shard_036352: 256 fits in 6.7s  psnr_med=39.3dB  overall 42.0 fits/s
shard_036608: 256 fits in 6.6s  psnr_med=39.3dB  overall 41.9 fits/s
shard_036864: 256 fits in 6.5s  psnr_med=39.1dB  overall 41.9 fits/s
shard_037120: 256 fits in 6.6s  psnr_med=39.2dB  overall 41.9 fits/s
shard_037376: 256 fits in 6.6s  psnr_med=39.0dB  overall 41.9 fits/s
shard_037632: 256 fits in 6.4s  psnr_med=39.4dB  overall 41.9 fits/s
shard_037888: 256 fits in 6.6s  psnr_med=39.2dB  overall 41.8 fits/s
shard_038144: 256 fits in 6.6s  psnr_med=39.2dB  overall 41.8 fits/s
shard_038400: 256 fits in 6.6s  psnr_med=39.4dB  overall 41.8 fits/s
shard_038656: 256 fits in 6.5s  psnr_med=39.2dB  overall 41.8 fits/s
shard_038912: 256 fits in 6.5s  psnr_med=39.2dB  overall 41.8 fits/s
shard_039168: 256 fits in 6.5s  psnr_med=39.2dB  overall 41.8 fits/s
shard_039424: 256 fits in 6.6s  psnr_med=38.9dB  overall 41.7 fits/s
shard_039680: 256 fits in 6.6s  psnr_med=38.9dB  overall 41.7 fits/s
shard_039936: 256 fits in 7.0s  psnr_med=39.1dB  overall 41.7 fits/s
shard_040192: 256 fits in 6.4s  psnr_med=39.3dB  overall 41.7 fits/s
shard_040448: 256 fits in 6.5s  psnr_med=38.9dB  overall 41.6 fits/s
shard_040704: 256 fits in 6.6s  psnr_med=39.1dB  overall 41.6 fits/s
shard_040960: 256 fits in 6.6s  psnr_med=39.3dB  overall 41.6 fits/s
shard_041216: 256 fits in 6.4s  psnr_med=39.2dB  overall 41.6 fits/s
shard_041472: 256 fits in 6.5s  psnr_med=38.9dB  overall 41.6 fits/s
shard_041728: 256 fits in 6.8s  psnr_med=39.1dB  overall 41.6 fits/s
shard_041984: 256 fits in 6.5s  psnr_med=39.0dB  overall 41.5 fits/s
shard_042240: 256 fits in 6.8s  psnr_med=39.1dB  overall 41.5 fits/s
shard_042496: 256 fits in 6.6s  psnr_med=39.1dB  overall 41.5 fits/s
shard_042752: 256 fits in 6.6s  psnr_med=39.1dB  overall 41.5 fits/s
shard_043008: 256 fits in 6.5s  psnr_med=39.2dB  overall 41.5 fits/s
shard_043264: 256 fits in 6.6s  psnr_med=39.1dB  overall 41.4 fits/s
shard_043520: 256 fits in 6.7s  psnr_med=39.1dB  overall 41.4 fits/s
shard_043776: 256 fits in 6.4s  psnr_med=39.2dB  overall 41.4 fits/s
shard_044032: 256 fits in 6.5s  psnr_med=39.1dB  overall 41.4 fits/s
shard_044288: 256 fits in 7.2s  psnr_med=39.1dB  overall 41.4 fits/s
shard_044544: 256 fits in 6.5s  psnr_med=39.4dB  overall 41.4 fits/s
shard_044800: 256 fits in 6.7s  psnr_med=39.2dB  overall 41.3 fits/s
shard_045056: 256 fits in 6.8s  psnr_med=39.2dB  overall 41.3 fits/s
shard_045312: 256 fits in 6.5s  psnr_med=39.3dB  overall 41.3 fits/s
shard_045568: 256 fits in 6.6s  psnr_med=39.2dB  overall 41.3 fits/s
shard_045824: 256 fits in 6.5s  psnr_med=39.0dB  overall 41.3 fits/s
shard_046080: 256 fits in 6.6s  psnr_med=39.2dB  overall 41.3 fits/s
shard_046336: 256 fits in 6.7s  psnr_med=39.2dB  overall 41.2 fits/s
shard_046592: 256 fits in 6.8s  psnr_med=39.5dB  overall 41.2 fits/s
shard_046848: 256 fits in 7.1s  psnr_med=39.2dB  overall 41.2 fits/s
shard_047104: 256 fits in 6.5s  psnr_med=39.1dB  overall 41.2 fits/s
shard_047360: 256 fits in 6.6s  psnr_med=38.8dB  overall 41.2 fits/s
shard_047616: 256 fits in 6.8s  psnr_med=39.4dB  overall 41.1 fits/s
shard_047872: 256 fits in 8.0s  psnr_med=39.0dB  overall 41.1 fits/s
shard_048128: 256 fits in 6.5s  psnr_med=39.0dB  overall 41.1 fits/s
shard_048384: 256 fits in 6.5s  psnr_med=39.3dB  overall 41.1 fits/s
shard_048640: 256 fits in 6.6s  psnr_med=38.8dB  overall 41.1 fits/s
shard_048896: 256 fits in 6.5s  psnr_med=39.0dB  overall 41.0 fits/s
shard_049152: 256 fits in 6.5s  psnr_med=38.9dB  overall 41.0 fits/s
shard_049408: 256 fits in 6.5s  psnr_med=39.3dB  overall 41.0 fits/s
shard_049664: 256 fits in 6.6s  psnr_med=39.4dB  overall 41.0 fits/s
shard_049920: 256 fits in 6.5s  psnr_med=39.2dB  overall 41.0 fits/s
shard_050176: 256 fits in 6.5s  psnr_med=39.1dB  overall 41.0 fits/s
shard_050432: 256 fits in 6.4s  psnr_med=39.3dB  overall 41.0 fits/s
shard_050688: 256 fits in 6.4s  psnr_med=39.1dB  overall 41.0 fits/s
shard_050944: 256 fits in 6.4s  psnr_med=39.2dB  overall 41.0 fits/s
shard_051200: 256 fits in 6.4s  psnr_med=39.1dB  overall 41.0 fits/s
shard_051456: 256 fits in 6.4s  psnr_med=39.6dB  overall 41.0 fits/s
shard_051712: 256 fits in 6.4s  psnr_med=39.0dB  overall 41.0 fits/s
shard_051968: 256 fits in 6.4s  psnr_med=39.0dB  overall 41.0 fits/s
shard_052224: 256 fits in 6.5s  psnr_med=39.3dB  overall 40.9 fits/s
shard_052480: 256 fits in 6.4s  psnr_med=39.2dB  overall 40.9 fits/s
shard_052736: 256 fits in 6.4s  psnr_med=39.0dB  overall 40.9 fits/s
shard_052992: 256 fits in 6.5s  psnr_med=38.9dB  overall 40.9 fits/s
shard_053248: 256 fits in 6.4s  psnr_med=39.3dB  overall 40.9 fits/s
shard_053504: 256 fits in 6.5s  psnr_med=39.3dB  overall 40.9 fits/s
shard_053760: 256 fits in 6.4s  psnr_med=39.2dB  overall 40.9 fits/s
shard_054016: 256 fits in 6.4s  psnr_med=39.0dB  overall 40.9 fits/s
shard_054272: 256 fits in 6.5s  psnr_med=39.1dB  overall 40.9 fits/s
shard_054528: 256 fits in 6.4s  psnr_med=39.5dB  overall 40.9 fits/s
shard_054784: 256 fits in 6.4s  psnr_med=39.3dB  overall 40.9 fits/s
shard_055040: 256 fits in 6.5s  psnr_med=38.8dB  overall 40.9 fits/s
shard_055296: 256 fits in 6.5s  psnr_med=39.0dB  overall 40.9 fits/s
shard_055552: 256 fits in 6.5s  psnr_med=39.0dB  overall 40.9 fits/s
shard_055808: 256 fits in 6.5s  psnr_med=39.4dB  overall 40.9 fits/s
shard_056064: 256 fits in 6.5s  psnr_med=39.1dB  overall 40.9 fits/s
shard_056320: 256 fits in 6.7s  psnr_med=39.1dB  overall 40.8 fits/s
shard_056576: 256 fits in 6.5s  psnr_med=39.4dB  overall 40.8 fits/s
shard_056832: 256 fits in 6.5s  psnr_med=39.1dB  overall 40.8 fits/s
shard_057088: 256 fits in 6.5s  psnr_med=39.2dB  overall 40.8 fits/s
shard_057344: 256 fits in 6.5s  psnr_med=39.2dB  overall 40.8 fits/s
shard_057600: 256 fits in 6.5s  psnr_med=39.4dB  overall 40.8 fits/s
shard_057856: 256 fits in 6.5s  psnr_med=39.0dB  overall 40.8 fits/s
shard_058112: 256 fits in 6.6s  psnr_med=39.3dB  overall 40.8 fits/s
shard_058368: 256 fits in 6.7s  psnr_med=38.9dB  overall 40.8 fits/s
shard_058624: 256 fits in 6.5s  psnr_med=39.3dB  overall 40.8 fits/s
shard_058880: 256 fits in 6.5s  psnr_med=39.4dB  overall 40.8 fits/s
shard_059136: 256 fits in 6.5s  psnr_med=39.3dB  overall 40.8 fits/s
shard_059392: 256 fits in 6.5s  psnr_med=39.1dB  overall 40.8 fits/s
shard_059648: 256 fits in 6.6s  psnr_med=38.8dB  overall 40.7 fits/s
shard_059904: 256 fits in 6.7s  psnr_med=39.1dB  overall 40.7 fits/s
shard_060160: 256 fits in 6.9s  psnr_med=39.2dB  overall 40.7 fits/s
shard_060416: 256 fits in 7.1s  psnr_med=39.2dB  overall 40.7 fits/s
shard_060672: 256 fits in 7.4s  psnr_med=39.1dB  overall 40.7 fits/s
shard_060928: 256 fits in 6.5s  psnr_med=39.1dB  overall 40.7 fits/s
shard_061184: 256 fits in 6.6s  psnr_med=39.1dB  overall 40.6 fits/s
shard_061440: 256 fits in 6.8s  psnr_med=39.0dB  overall 40.6 fits/s
shard_061696: 256 fits in 7.2s  psnr_med=39.1dB  overall 40.6 fits/s
shard_061952: 256 fits in 6.8s  psnr_med=39.0dB  overall 40.6 fits/s
shard_062208: 256 fits in 6.8s  psnr_med=38.9dB  overall 40.6 fits/s
shard_062464: 256 fits in 6.9s  psnr_med=39.1dB  overall 40.6 fits/s
shard_062720: 256 fits in 6.7s  psnr_med=39.2dB  overall 40.6 fits/s
shard_062976: 256 fits in 6.6s  psnr_med=38.8dB  overall 40.6 fits/s
shard_063232: 256 fits in 6.7s  psnr_med=39.1dB  overall 40.5 fits/s
shard_063488: 256 fits in 6.5s  psnr_med=39.2dB  overall 40.5 fits/s
shard_063744: 256 fits in 6.5s  psnr_med=39.2dB  overall 40.5 fits/s
shard_064000: 256 fits in 6.5s  psnr_med=38.9dB  overall 40.5 fits/s
shard_064256: 256 fits in 6.4s  psnr_med=39.0dB  overall 40.5 fits/s
shard_064512: 256 fits in 6.4s  psnr_med=39.1dB  overall 40.5 fits/s
shard_064768: 256 fits in 6.4s  psnr_med=39.1dB  overall 40.5 fits/s
shard_065024: 256 fits in 6.4s  psnr_med=39.3dB  overall 40.5 fits/s
shard_065280: 256 fits in 6.4s  psnr_med=39.5dB  overall 40.5 fits/s
shard_065536: 256 fits in 6.5s  psnr_med=39.3dB  overall 40.5 fits/s
shard_065792: 256 fits in 6.4s  psnr_med=39.1dB  overall 40.5 fits/s
shard_066048: 256 fits in 6.4s  psnr_med=39.3dB  overall 40.5 fits/s
shard_066304: 256 fits in 6.4s  psnr_med=39.2dB  overall 40.5 fits/s
shard_066560: 256 fits in 6.7s  psnr_med=38.8dB  overall 40.5 fits/s
shard_066816: 256 fits in 6.5s  psnr_med=39.2dB  overall 40.5 fits/s
shard_067072: 256 fits in 6.5s  psnr_med=39.1dB  overall 40.5 fits/s
shard_067328: 256 fits in 6.5s  psnr_med=38.8dB  overall 40.5 fits/s
shard_067584: 256 fits in 6.6s  psnr_med=39.6dB  overall 40.5 fits/s
shard_067840: 256 fits in 6.5s  psnr_med=39.1dB  overall 40.5 fits/s
shard_068096: 256 fits in 6.6s  psnr_med=38.9dB  overall 40.5 fits/s
shard_068352: 256 fits in 6.5s  psnr_med=39.5dB  overall 40.5 fits/s
shard_068608: 256 fits in 6.5s  psnr_med=39.3dB  overall 40.5 fits/s
shard_068864: 256 fits in 6.5s  psnr_med=39.2dB  overall 40.5 fits/s
shard_069120: 256 fits in 6.5s  psnr_med=39.4dB  overall 40.5 fits/s
shard_069376: 256 fits in 6.5s  psnr_med=39.0dB  overall 40.4 fits/s
shard_069632: 256 fits in 6.7s  psnr_med=39.0dB  overall 40.4 fits/s
shard_069888: 112 fits in 3.0s  psnr_med=39.2dB  overall 40.4 fits/s
{
  "n_inrs": 70000,
  "psnr_median": 39.13877868652344,
  "psnr_q05": 36.85896377563476,
  "corr_psnr_label": 0.16358626731575343,
  "wallclock_total_s": 1731.6344919204712
}
shard_000000: 256 fits in 6.7s  psnr_med=37.3dB  overall 37.8 fits/s
shard_000256: 256 fits in 6.6s  psnr_med=36.7dB  overall 38.3 fits/s
shard_000512: 256 fits in 6.5s  psnr_med=37.3dB  overall 38.7 fits/s
shard_000768: 256 fits in 6.6s  psnr_med=37.5dB  overall 38.7 fits/s
shard_001024: 256 fits in 6.5s  psnr_med=37.5dB  overall 38.8 fits/s
shard_001280: 256 fits in 6.5s  psnr_med=37.5dB  overall 38.9 fits/s
shard_001536: 256 fits in 6.5s  psnr_med=37.2dB  overall 39.0 fits/s
shard_001792: 256 fits in 6.5s  psnr_med=37.8dB  overall 39.0 fits/s
shard_002048: 256 fits in 6.5s  psnr_med=37.8dB  overall 39.1 fits/s
shard_002304: 256 fits in 6.5s  psnr_med=37.3dB  overall 39.1 fits/s
shard_002560: 256 fits in 6.5s  psnr_med=37.5dB  overall 39.2 fits/s
shard_002816: 256 fits in 6.5s  psnr_med=37.3dB  overall 39.2 fits/s
shard_003072: 256 fits in 6.4s  psnr_med=37.6dB  overall 39.2 fits/s
shard_003328: 256 fits in 6.4s  psnr_med=37.4dB  overall 39.3 fits/s
shard_003584: 256 fits in 6.5s  psnr_med=37.7dB  overall 39.3 fits/s
shard_003840: 256 fits in 6.4s  psnr_med=37.6dB  overall 39.3 fits/s
shard_004096: 256 fits in 6.4s  psnr_med=37.4dB  overall 39.3 fits/s
shard_004352: 256 fits in 7.6s  psnr_med=37.2dB  overall 39.0 fits/s
shard_004608: 256 fits in 6.8s  psnr_med=37.6dB  overall 38.9 fits/s
shard_004864: 256 fits in 6.4s  psnr_med=37.5dB  overall 38.9 fits/s
shard_005120: 256 fits in 6.6s  psnr_med=37.7dB  overall 38.9 fits/s
shard_005376: 256 fits in 6.6s  psnr_med=37.6dB  overall 38.9 fits/s
shard_005632: 256 fits in 7.1s  psnr_med=37.4dB  overall 38.8 fits/s
shard_005888: 256 fits in 7.9s  psnr_med=37.4dB  overall 38.5 fits/s
shard_006144: 256 fits in 7.9s  psnr_med=37.0dB  overall 38.2 fits/s
shard_006400: 256 fits in 7.4s  psnr_med=37.7dB  overall 38.0 fits/s
shard_006656: 256 fits in 6.7s  psnr_med=37.2dB  overall 38.0 fits/s
shard_006912: 256 fits in 7.1s  psnr_med=37.7dB  overall 38.0 fits/s
shard_007168: 256 fits in 6.7s  psnr_med=36.7dB  overall 38.0 fits/s
shard_007424: 256 fits in 7.3s  psnr_med=37.1dB  overall 37.9 fits/s
shard_007680: 256 fits in 8.0s  psnr_med=37.5dB  overall 37.7 fits/s
shard_007936: 256 fits in 7.8s  psnr_med=37.5dB  overall 37.5 fits/s
shard_008192: 256 fits in 7.6s  psnr_med=37.3dB  overall 37.3 fits/s
shard_008448: 256 fits in 7.4s  psnr_med=37.6dB  overall 37.3 fits/s
shard_008704: 256 fits in 7.2s  psnr_med=37.3dB  overall 37.2 fits/s
shard_008960: 256 fits in 7.2s  psnr_med=37.4dB  overall 37.2 fits/s
shard_009216: 256 fits in 6.7s  psnr_med=36.9dB  overall 37.2 fits/s
shard_009472: 256 fits in 6.8s  psnr_med=38.0dB  overall 37.2 fits/s
shard_009728: 256 fits in 6.7s  psnr_med=37.6dB  overall 37.2 fits/s
shard_009984: 256 fits in 6.7s  psnr_med=37.7dB  overall 37.2 fits/s
shard_010240: 256 fits in 6.8s  psnr_med=38.2dB  overall 37.2 fits/s
shard_010496: 256 fits in 6.8s  psnr_med=38.0dB  overall 37.3 fits/s
shard_010752: 256 fits in 6.8s  psnr_med=37.7dB  overall 37.3 fits/s
shard_011008: 256 fits in 6.8s  psnr_med=37.8dB  overall 37.3 fits/s
shard_011264: 256 fits in 6.8s  psnr_med=37.5dB  overall 37.3 fits/s
shard_011520: 256 fits in 6.7s  psnr_med=37.3dB  overall 37.3 fits/s
shard_011776: 256 fits in 6.7s  psnr_med=37.4dB  overall 37.3 fits/s
shard_012032: 256 fits in 6.6s  psnr_med=37.7dB  overall 37.3 fits/s
shard_012288: 256 fits in 6.9s  psnr_med=37.8dB  overall 37.3 fits/s
shard_012544: 256 fits in 6.8s  psnr_med=37.4dB  overall 37.3 fits/s
shard_012800: 256 fits in 6.8s  psnr_med=37.6dB  overall 37.3 fits/s
shard_013056: 256 fits in 6.8s  psnr_med=37.7dB  overall 37.3 fits/s
shard_013312: 256 fits in 6.8s  psnr_med=37.6dB  overall 37.4 fits/s
shard_013568: 256 fits in 6.8s  psnr_med=37.2dB  overall 37.4 fits/s
shard_013824: 256 fits in 6.8s  psnr_med=37.6dB  overall 37.4 fits/s
shard_014080: 256 fits in 6.8s  psnr_med=38.2dB  overall 37.4 fits/s
shard_014336: 256 fits in 6.8s  psnr_med=37.1dB  overall 37.4 fits/s
shard_014592: 256 fits in 6.9s  psnr_med=37.7dB  overall 37.4 fits/s
shard_014848: 256 fits in 6.8s  psnr_med=37.1dB  overall 37.4 fits/s
shard_015104: 256 fits in 6.9s  psnr_med=37.3dB  overall 37.4 fits/s
shard_015360: 256 fits in 6.9s  psnr_med=37.3dB  overall 37.4 fits/s
shard_015616: 256 fits in 6.7s  psnr_med=37.3dB  overall 37.4 fits/s
shard_015872: 256 fits in 7.0s  psnr_med=37.3dB  overall 37.3 fits/s
shard_016128: 256 fits in 6.8s  psnr_med=37.8dB  overall 37.4 fits/s
shard_016384: 256 fits in 6.8s  psnr_med=37.4dB  overall 37.4 fits/s
shard_016640: 256 fits in 6.8s  psnr_med=37.1dB  overall 37.4 fits/s
shard_016896: 256 fits in 6.7s  psnr_med=37.7dB  overall 37.4 fits/s
shard_017152: 256 fits in 6.9s  psnr_med=37.5dB  overall 37.4 fits/s
shard_017408: 256 fits in 7.1s  psnr_med=37.3dB  overall 37.4 fits/s
shard_017664: 256 fits in 6.8s  psnr_med=37.3dB  overall 37.4 fits/s
shard_017920: 256 fits in 6.9s  psnr_med=37.6dB  overall 37.4 fits/s
shard_018176: 256 fits in 7.1s  psnr_med=37.4dB  overall 37.3 fits/s
shard_018432: 256 fits in 6.8s  psnr_med=37.9dB  overall 37.3 fits/s
shard_018688: 256 fits in 6.7s  psnr_med=37.4dB  overall 37.4 fits/s
shard_018944: 256 fits in 6.7s  psnr_med=37.2dB  overall 37.4 fits/s
shard_019200: 256 fits in 6.8s  psnr_med=37.9dB  overall 37.4 fits/s
shard_019456: 256 fits in 6.7s  psnr_med=38.1dB  overall 37.4 fits/s
shard_019712: 256 fits in 6.7s  psnr_med=38.1dB  overall 37.4 fits/s
shard_019968: 256 fits in 7.0s  psnr_med=37.9dB  overall 37.4 fits/s
shard_020224: 256 fits in 6.7s  psnr_med=37.1dB  overall 37.4 fits/s
shard_020480: 256 fits in 6.7s  psnr_med=37.6dB  overall 37.4 fits/s
shard_020736: 256 fits in 6.8s  psnr_med=37.5dB  overall 37.4 fits/s
shard_020992: 256 fits in 6.8s  psnr_med=36.9dB  overall 37.4 fits/s
shard_021248: 256 fits in 6.7s  psnr_med=37.5dB  overall 37.4 fits/s
shard_021504: 256 fits in 6.7s  psnr_med=37.6dB  overall 37.4 fits/s
shard_021760: 256 fits in 6.5s  psnr_med=37.9dB  overall 37.4 fits/s
shard_022016: 256 fits in 6.6s  psnr_med=37.5dB  overall 37.5 fits/s
shard_022272: 256 fits in 6.5s  psnr_med=37.5dB  overall 37.5 fits/s
shard_022528: 256 fits in 6.5s  psnr_med=37.4dB  overall 37.5 fits/s
shard_022784: 256 fits in 6.5s  psnr_med=37.8dB  overall 37.5 fits/s
shard_023040: 256 fits in 6.6s  psnr_med=38.0dB  overall 37.5 fits/s
shard_023296: 256 fits in 6.6s  psnr_med=37.7dB  overall 37.5 fits/s
shard_023552: 256 fits in 6.6s  psnr_med=37.1dB  overall 37.6 fits/s
shard_023808: 256 fits in 6.7s  psnr_med=37.5dB  overall 37.6 fits/s
shard_024064: 256 fits in 6.7s  psnr_med=37.4dB  overall 37.6 fits/s
shard_024320: 256 fits in 6.7s  psnr_med=37.5dB  overall 37.6 fits/s
shard_024576: 256 fits in 6.7s  psnr_med=37.6dB  overall 37.6 fits/s
shard_024832: 256 fits in 6.7s  psnr_med=37.3dB  overall 37.6 fits/s
shard_025088: 256 fits in 6.7s  psnr_med=37.7dB  overall 37.6 fits/s
shard_025344: 256 fits in 6.7s  psnr_med=37.5dB  overall 37.6 fits/s
shard_025600: 256 fits in 6.6s  psnr_med=37.2dB  overall 37.6 fits/s
shard_025856: 256 fits in 6.7s  psnr_med=37.2dB  overall 37.6 fits/s
shard_026112: 256 fits in 6.6s  psnr_med=37.5dB  overall 37.6 fits/s
shard_026368: 256 fits in 6.6s  psnr_med=36.8dB  overall 37.6 fits/s
shard_026624: 256 fits in 6.6s  psnr_med=37.6dB  overall 37.7 fits/s
shard_026880: 256 fits in 6.4s  psnr_med=37.8dB  overall 37.7 fits/s
shard_027136: 256 fits in 6.4s  psnr_med=37.6dB  overall 37.7 fits/s
shard_027392: 256 fits in 6.4s  psnr_med=37.3dB  overall 37.7 fits/s
shard_027648: 256 fits in 6.4s  psnr_med=37.4dB  overall 37.7 fits/s
shard_027904: 256 fits in 6.3s  psnr_med=37.9dB  overall 37.8 fits/s
shard_028160: 256 fits in 6.4s  psnr_med=37.7dB  overall 37.8 fits/s
shard_028416: 256 fits in 6.3s  psnr_med=37.6dB  overall 37.8 fits/s
shard_028672: 256 fits in 6.4s  psnr_med=37.3dB  overall 37.8 fits/s
shard_028928: 256 fits in 6.3s  psnr_med=37.3dB  overall 37.8 fits/s
shard_029184: 256 fits in 6.3s  psnr_med=37.5dB  overall 37.9 fits/s
shard_029440: 256 fits in 6.4s  psnr_med=37.9dB  overall 37.9 fits/s
shard_029696: 256 fits in 6.4s  psnr_med=37.4dB  overall 37.9 fits/s
shard_029952: 256 fits in 6.4s  psnr_med=37.4dB  overall 37.9 fits/s
shard_030208: 256 fits in 6.3s  psnr_med=37.4dB  overall 37.9 fits/s
shard_030464: 256 fits in 6.4s  psnr_med=37.1dB  overall 38.0 fits/s
shard_030720: 256 fits in 6.3s  psnr_med=37.5dB  overall 38.0 fits/s
shard_030976: 256 fits in 6.4s  psnr_med=37.0dB  overall 38.0 fits/s
shard_031232: 256 fits in 6.3s  psnr_med=36.6dB  overall 38.0 fits/s
shard_031488: 256 fits in 6.3s  psnr_med=37.3dB  overall 38.0 fits/s
shard_031744: 256 fits in 6.4s  psnr_med=37.3dB  overall 38.0 fits/s
shard_032000: 256 fits in 6.5s  psnr_med=37.8dB  overall 38.0 fits/s
shard_032256: 256 fits in 6.3s  psnr_med=37.7dB  overall 38.1 fits/s
shard_032512: 256 fits in 6.8s  psnr_med=37.8dB  overall 38.1 fits/s
shard_032768: 256 fits in 6.3s  psnr_med=37.7dB  overall 38.1 fits/s
shard_033024: 256 fits in 6.3s  psnr_med=37.5dB  overall 38.1 fits/s
shard_033280: 256 fits in 6.8s  psnr_med=37.3dB  overall 38.1 fits/s
shard_033536: 256 fits in 6.3s  psnr_med=37.1dB  overall 38.1 fits/s
shard_033792: 256 fits in 6.4s  psnr_med=37.3dB  overall 38.1 fits/s
shard_034048: 256 fits in 6.5s  psnr_med=37.3dB  overall 38.1 fits/s
shard_034304: 256 fits in 6.4s  psnr_med=37.5dB  overall 38.1 fits/s
shard_034560: 256 fits in 6.4s  psnr_med=37.4dB  overall 38.2 fits/s
shard_034816: 256 fits in 6.3s  psnr_med=37.7dB  overall 38.2 fits/s
shard_035072: 256 fits in 6.4s  psnr_med=37.0dB  overall 38.2 fits/s
shard_035328: 256 fits in 6.3s  psnr_med=37.1dB  overall 38.2 fits/s
shard_035584: 256 fits in 6.4s  psnr_med=37.6dB  overall 38.2 fits/s
shard_035840: 256 fits in 6.4s  psnr_med=37.0dB  overall 38.2 fits/s
shard_036096: 256 fits in 6.3s  psnr_med=37.6dB  overall 38.2 fits/s
shard_036352: 256 fits in 6.3s  psnr_med=37.6dB  overall 38.3 fits/s
shard_036608: 256 fits in 6.4s  psnr_med=38.0dB  overall 38.3 fits/s
shard_036864: 256 fits in 6.3s  psnr_med=38.0dB  overall 38.3 fits/s
shard_037120: 256 fits in 6.4s  psnr_med=37.7dB  overall 38.3 fits/s
shard_037376: 256 fits in 6.3s  psnr_med=37.3dB  overall 38.3 fits/s
shard_037632: 256 fits in 6.4s  psnr_med=37.8dB  overall 38.3 fits/s
shard_037888: 256 fits in 6.5s  psnr_med=37.2dB  overall 38.3 fits/s
shard_038144: 256 fits in 6.3s  psnr_med=37.3dB  overall 38.3 fits/s
shard_038400: 256 fits in 6.5s  psnr_med=37.4dB  overall 38.3 fits/s
shard_038656: 256 fits in 7.9s  psnr_med=37.3dB  overall 38.3 fits/s
shard_038912: 256 fits in 7.9s  psnr_med=37.8dB  overall 38.3 fits/s
shard_039168: 256 fits in 8.2s  psnr_med=37.3dB  overall 38.2 fits/s
shard_039424: 256 fits in 8.0s  psnr_med=37.4dB  overall 38.1 fits/s
shard_039680: 256 fits in 7.7s  psnr_med=37.0dB  overall 38.1 fits/s
shard_039936: 256 fits in 8.0s  psnr_med=37.5dB  overall 38.1 fits/s
shard_040192: 256 fits in 7.8s  psnr_med=37.3dB  overall 38.0 fits/s
shard_040448: 256 fits in 6.7s  psnr_med=37.6dB  overall 38.0 fits/s
shard_040704: 256 fits in 6.4s  psnr_med=37.0dB  overall 38.0 fits/s
shard_040960: 256 fits in 6.4s  psnr_med=37.2dB  overall 38.0 fits/s
shard_041216: 256 fits in 6.6s  psnr_med=37.5dB  overall 38.1 fits/s
shard_041472: 256 fits in 6.6s  psnr_med=36.5dB  overall 38.1 fits/s
shard_041728: 256 fits in 6.4s  psnr_med=37.2dB  overall 38.1 fits/s
shard_041984: 256 fits in 6.4s  psnr_med=37.5dB  overall 38.1 fits/s
shard_042240: 256 fits in 6.4s  psnr_med=37.4dB  overall 38.1 fits/s
shard_042496: 256 fits in 6.5s  psnr_med=37.6dB  overall 38.1 fits/s
shard_042752: 256 fits in 6.3s  psnr_med=37.6dB  overall 38.1 fits/s
shard_043008: 256 fits in 6.4s  psnr_med=37.6dB  overall 38.1 fits/s
shard_043264: 256 fits in 6.5s  psnr_med=37.4dB  overall 38.1 fits/s
shard_043520: 256 fits in 6.4s  psnr_med=37.7dB  overall 38.1 fits/s
shard_043776: 256 fits in 6.3s  psnr_med=36.9dB  overall 38.2 fits/s
shard_044032: 256 fits in 6.4s  psnr_med=37.3dB  overall 38.2 fits/s
shard_044288: 256 fits in 6.4s  psnr_med=37.5dB  overall 38.2 fits/s
shard_044544: 256 fits in 6.3s  psnr_med=37.8dB  overall 38.2 fits/s
shard_044800: 256 fits in 6.4s  psnr_med=37.2dB  overall 38.2 fits/s
shard_045056: 256 fits in 6.3s  psnr_med=37.9dB  overall 38.2 fits/s
shard_045312: 256 fits in 6.5s  psnr_med=37.2dB  overall 38.2 fits/s
shard_045568: 256 fits in 6.4s  psnr_med=37.7dB  overall 38.2 fits/s
shard_045824: 256 fits in 6.4s  psnr_med=36.9dB  overall 38.2 fits/s
shard_046080: 256 fits in 6.3s  psnr_med=37.1dB  overall 38.2 fits/s
shard_046336: 256 fits in 6.4s  psnr_med=37.5dB  overall 38.2 fits/s
shard_046592: 256 fits in 6.3s  psnr_med=37.9dB  overall 38.3 fits/s
shard_046848: 256 fits in 6.4s  psnr_med=37.8dB  overall 38.3 fits/s
shard_047104: 256 fits in 6.4s  psnr_med=37.2dB  overall 38.3 fits/s
shard_047360: 256 fits in 6.4s  psnr_med=37.5dB  overall 38.3 fits/s
shard_047616: 256 fits in 6.3s  psnr_med=37.8dB  overall 38.3 fits/s
shard_047872: 256 fits in 6.3s  psnr_med=37.8dB  overall 38.3 fits/s
shard_048128: 256 fits in 6.4s  psnr_med=38.0dB  overall 38.3 fits/s
shard_048384: 256 fits in 6.3s  psnr_med=37.8dB  overall 38.3 fits/s
shard_048640: 256 fits in 6.4s  psnr_med=37.3dB  overall 38.3 fits/s
shard_048896: 256 fits in 6.3s  psnr_med=37.0dB  overall 38.4 fits/s
shard_049152: 256 fits in 6.3s  psnr_med=37.5dB  overall 38.4 fits/s
shard_049408: 256 fits in 6.3s  psnr_med=37.5dB  overall 38.4 fits/s
shard_049664: 256 fits in 6.4s  psnr_med=37.4dB  overall 38.4 fits/s
shard_049920: 256 fits in 6.3s  psnr_med=37.6dB  overall 38.4 fits/s
shard_050176: 256 fits in 6.4s  psnr_med=37.0dB  overall 38.4 fits/s
shard_050432: 256 fits in 6.4s  psnr_med=37.2dB  overall 38.4 fits/s
shard_050688: 256 fits in 6.3s  psnr_med=37.6dB  overall 38.4 fits/s
shard_050944: 256 fits in 6.4s  psnr_med=37.4dB  overall 38.4 fits/s
shard_051200: 256 fits in 6.3s  psnr_med=37.6dB  overall 38.4 fits/s
shard_051456: 256 fits in 6.3s  psnr_med=37.8dB  overall 38.4 fits/s
shard_051712: 256 fits in 6.4s  psnr_med=37.5dB  overall 38.5 fits/s
shard_051968: 256 fits in 6.3s  psnr_med=37.1dB  overall 38.5 fits/s
shard_052224: 256 fits in 6.3s  psnr_med=37.2dB  overall 38.5 fits/s
shard_052480: 256 fits in 6.4s  psnr_med=37.6dB  overall 38.5 fits/s
shard_052736: 256 fits in 6.3s  psnr_med=37.4dB  overall 38.5 fits/s
shard_052992: 256 fits in 6.4s  psnr_med=37.3dB  overall 38.5 fits/s
shard_053248: 256 fits in 6.4s  psnr_med=37.2dB  overall 38.5 fits/s
shard_053504: 256 fits in 6.3s  psnr_med=37.1dB  overall 38.5 fits/s
shard_053760: 256 fits in 6.3s  psnr_med=37.5dB  overall 38.5 fits/s
shard_054016: 256 fits in 6.4s  psnr_med=36.9dB  overall 38.5 fits/s
shard_054272: 256 fits in 6.3s  psnr_med=37.4dB  overall 38.5 fits/s
shard_054528: 256 fits in 6.3s  psnr_med=37.6dB  overall 38.5 fits/s
shard_054784: 256 fits in 6.3s  psnr_med=37.3dB  overall 38.6 fits/s
shard_055040: 256 fits in 6.3s  psnr_med=37.2dB  overall 38.6 fits/s
shard_055296: 256 fits in 6.3s  psnr_med=37.5dB  overall 38.6 fits/s
shard_055552: 256 fits in 6.6s  psnr_med=37.4dB  overall 38.6 fits/s
shard_055808: 256 fits in 6.6s  psnr_med=37.4dB  overall 38.6 fits/s
shard_056064: 256 fits in 6.3s  psnr_med=37.3dB  overall 38.6 fits/s
shard_056320: 256 fits in 6.3s  psnr_med=37.1dB  overall 38.6 fits/s
shard_056576: 256 fits in 6.3s  psnr_med=37.3dB  overall 38.6 fits/s
shard_056832: 256 fits in 6.2s  psnr_med=37.3dB  overall 38.6 fits/s
shard_057088: 256 fits in 6.3s  psnr_med=37.4dB  overall 38.6 fits/s
shard_057344: 256 fits in 6.3s  psnr_med=37.7dB  overall 38.6 fits/s
shard_057600: 256 fits in 6.3s  psnr_med=37.4dB  overall 38.6 fits/s
shard_057856: 256 fits in 6.3s  psnr_med=37.1dB  overall 38.6 fits/s
shard_058112: 256 fits in 6.3s  psnr_med=37.4dB  overall 38.6 fits/s
shard_058368: 256 fits in 6.4s  psnr_med=37.3dB  overall 38.7 fits/s
shard_058624: 256 fits in 6.3s  psnr_med=36.7dB  overall 38.7 fits/s
shard_058880: 256 fits in 6.3s  psnr_med=37.4dB  overall 38.7 fits/s
shard_059136: 256 fits in 6.4s  psnr_med=37.6dB  overall 38.7 fits/s
shard_059392: 256 fits in 6.3s  psnr_med=37.8dB  overall 38.7 fits/s
shard_059648: 256 fits in 6.4s  psnr_med=37.3dB  overall 38.7 fits/s
shard_059904: 256 fits in 6.6s  psnr_med=37.2dB  overall 38.7 fits/s
shard_060160: 256 fits in 6.4s  psnr_med=37.3dB  overall 38.7 fits/s
shard_060416: 256 fits in 6.3s  psnr_med=37.2dB  overall 38.7 fits/s
shard_060672: 256 fits in 6.4s  psnr_med=37.2dB  overall 38.7 fits/s
shard_060928: 256 fits in 6.3s  psnr_med=37.3dB  overall 38.7 fits/s
shard_061184: 256 fits in 6.3s  psnr_med=37.5dB  overall 38.7 fits/s
shard_061440: 256 fits in 6.3s  psnr_med=37.3dB  overall 38.7 fits/s
shard_061696: 256 fits in 6.3s  psnr_med=37.4dB  overall 38.7 fits/s
shard_061952: 256 fits in 6.4s  psnr_med=37.5dB  overall 38.7 fits/s
shard_062208: 256 fits in 6.3s  psnr_med=37.2dB  overall 38.7 fits/s
shard_062464: 256 fits in 6.3s  psnr_med=36.8dB  overall 38.8 fits/s
shard_062720: 256 fits in 6.4s  psnr_med=37.5dB  overall 38.8 fits/s
shard_062976: 256 fits in 6.6s  psnr_med=37.1dB  overall 38.8 fits/s
shard_063232: 256 fits in 6.3s  psnr_med=37.4dB  overall 38.8 fits/s
shard_063488: 256 fits in 6.3s  psnr_med=37.4dB  overall 38.8 fits/s
shard_063744: 256 fits in 6.3s  psnr_med=37.3dB  overall 38.8 fits/s
shard_064000: 256 fits in 6.3s  psnr_med=37.1dB  overall 38.8 fits/s
shard_064256: 256 fits in 6.3s  psnr_med=37.6dB  overall 38.8 fits/s
shard_064512: 256 fits in 6.3s  psnr_med=37.3dB  overall 38.8 fits/s
shard_064768: 256 fits in 6.6s  psnr_med=37.5dB  overall 38.8 fits/s
shard_065024: 256 fits in 7.3s  psnr_med=37.4dB  overall 38.8 fits/s
shard_065280: 256 fits in 6.7s  psnr_med=38.1dB  overall 38.8 fits/s
shard_065536: 256 fits in 6.3s  psnr_med=37.4dB  overall 38.8 fits/s
shard_065792: 256 fits in 6.3s  psnr_med=38.3dB  overall 38.8 fits/s
shard_066048: 256 fits in 6.3s  psnr_med=38.3dB  overall 38.8 fits/s
shard_066304: 256 fits in 6.3s  psnr_med=37.7dB  overall 38.8 fits/s
shard_066560: 256 fits in 6.2s  psnr_med=37.0dB  overall 38.8 fits/s
shard_066816: 256 fits in 6.2s  psnr_med=37.8dB  overall 38.8 fits/s
shard_067072: 256 fits in 6.2s  psnr_med=37.5dB  overall 38.8 fits/s
shard_067328: 256 fits in 6.2s  psnr_med=37.3dB  overall 38.8 fits/s
shard_067584: 256 fits in 6.1s  psnr_med=37.8dB  overall 38.9 fits/s
shard_067840: 256 fits in 6.2s  psnr_med=38.6dB  overall 38.9 fits/s
shard_068096: 256 fits in 6.1s  psnr_med=37.6dB  overall 38.9 fits/s
shard_068352: 256 fits in 6.0s  psnr_med=37.9dB  overall 38.9 fits/s
shard_068608: 256 fits in 6.0s  psnr_med=37.7dB  overall 38.9 fits/s
shard_068864: 256 fits in 6.1s  psnr_med=37.7dB  overall 38.9 fits/s
shard_069120: 256 fits in 6.0s  psnr_med=37.7dB  overall 38.9 fits/s
shard_069376: 256 fits in 6.0s  psnr_med=37.2dB  overall 38.9 fits/s
shard_069632: 256 fits in 6.1s  psnr_med=37.1dB  overall 38.9 fits/s
shard_069888: 112 fits in 2.6s  psnr_med=37.7dB  overall 38.9 fits/s
{
  "n_inrs": 70000,
  "psnr_median": 37.47160720825195,
  "psnr_q05": 33.60888195037842,
  "corr_psnr_label": -0.00455075352235351,
  "wallclock_total_s": 1797.5621790885925
}
shard_000000: 256 fits in 2.7s  psnr_med=32.2dB  overall 94.0 fits/s
shard_000256: 256 fits in 1.8s  psnr_med=32.2dB  overall 112.2 fits/s
shard_000512: 256 fits in 2.3s  psnr_med=32.2dB  overall 112.1 fits/s
shard_000768: 256 fits in 1.9s  psnr_med=32.5dB  overall 117.2 fits/s
shard_001024: 256 fits in 2.0s  psnr_med=31.9dB  overall 119.7 fits/s
shard_001280: 256 fits in 2.2s  psnr_med=32.1dB  overall 118.9 fits/s
shard_001536: 256 fits in 2.0s  psnr_med=32.0dB  overall 119.7 fits/s
shard_001792: 256 fits in 2.0s  psnr_med=32.2dB  overall 120.3 fits/s
shard_002048: 256 fits in 2.1s  psnr_med=32.4dB  overall 120.7 fits/s
shard_002304: 256 fits in 2.1s  psnr_med=32.4dB  overall 121.1 fits/s
shard_002560: 256 fits in 2.2s  psnr_med=32.3dB  overall 120.4 fits/s
shard_002816: 256 fits in 2.9s  psnr_med=32.0dB  overall 117.0 fits/s
shard_003072: 256 fits in 2.0s  psnr_med=32.0dB  overall 117.7 fits/s
shard_003328: 256 fits in 2.1s  psnr_med=32.2dB  overall 118.1 fits/s
shard_003584: 256 fits in 2.1s  psnr_med=32.1dB  overall 118.4 fits/s
shard_003840: 256 fits in 2.2s  psnr_med=32.2dB  overall 118.4 fits/s
shard_004096: 256 fits in 2.6s  psnr_med=32.2dB  overall 116.9 fits/s
shard_004352: 256 fits in 2.1s  psnr_med=32.2dB  overall 117.3 fits/s
shard_004608: 256 fits in 2.1s  psnr_med=32.3dB  overall 117.6 fits/s
shard_004864: 256 fits in 2.4s  psnr_med=32.3dB  overall 117.1 fits/s
shard_005120: 256 fits in 2.4s  psnr_med=32.4dB  overall 116.5 fits/s
shard_005376: 256 fits in 2.3s  psnr_med=32.3dB  overall 116.3 fits/s
shard_005632: 256 fits in 2.1s  psnr_med=32.3dB  overall 116.6 fits/s
shard_005888: 256 fits in 2.1s  psnr_med=32.4dB  overall 116.8 fits/s
shard_006144: 256 fits in 2.8s  psnr_med=32.5dB  overall 115.5 fits/s
shard_006400: 256 fits in 2.1s  psnr_med=32.3dB  overall 115.7 fits/s
shard_006656: 256 fits in 2.1s  psnr_med=31.9dB  overall 116.0 fits/s
shard_006912: 256 fits in 2.6s  psnr_med=32.3dB  overall 115.3 fits/s
shard_007168: 256 fits in 2.2s  psnr_med=31.7dB  overall 115.4 fits/s
shard_007424: 256 fits in 2.4s  psnr_med=32.0dB  overall 115.1 fits/s
shard_007680: 256 fits in 2.4s  psnr_med=32.2dB  overall 114.8 fits/s
shard_007936: 256 fits in 2.7s  psnr_med=32.2dB  overall 114.2 fits/s
shard_008192: 256 fits in 2.4s  psnr_med=32.3dB  overall 113.9 fits/s
shard_008448: 256 fits in 2.4s  psnr_med=32.2dB  overall 113.7 fits/s
shard_008704: 256 fits in 3.5s  psnr_med=32.2dB  overall 111.9 fits/s
shard_008960: 256 fits in 2.1s  psnr_med=32.1dB  overall 112.2 fits/s
shard_009216: 256 fits in 2.7s  psnr_med=32.2dB  overall 111.6 fits/s
shard_009472: 256 fits in 2.7s  psnr_med=32.2dB  overall 111.1 fits/s
shard_009728: 256 fits in 3.3s  psnr_med=32.3dB  overall 109.8 fits/s
shard_009984: 256 fits in 3.3s  psnr_med=32.1dB  overall 108.7 fits/s
shard_010240: 256 fits in 3.3s  psnr_med=32.5dB  overall 107.7 fits/s
shard_010496: 256 fits in 3.2s  psnr_med=32.1dB  overall 106.9 fits/s
shard_010752: 256 fits in 3.5s  psnr_med=32.6dB  overall 105.7 fits/s
shard_011008: 256 fits in 3.7s  psnr_med=32.4dB  overall 104.5 fits/s
shard_011264: 256 fits in 4.0s  psnr_med=32.2dB  overall 103.0 fits/s
shard_011520: 256 fits in 3.5s  psnr_med=32.0dB  overall 102.1 fits/s
shard_011776: 256 fits in 3.6s  psnr_med=32.1dB  overall 101.2 fits/s
shard_012032: 256 fits in 3.6s  psnr_med=32.3dB  overall 100.3 fits/s
shard_012288: 256 fits in 3.6s  psnr_med=32.4dB  overall 99.4 fits/s
shard_012544: 256 fits in 3.5s  psnr_med=32.3dB  overall 98.7 fits/s
shard_012800: 256 fits in 3.3s  psnr_med=31.9dB  overall 98.2 fits/s
shard_013056: 256 fits in 3.4s  psnr_med=32.3dB  overall 97.6 fits/s
shard_013312: 256 fits in 3.3s  psnr_med=32.4dB  overall 97.1 fits/s
shard_013568: 256 fits in 3.2s  psnr_med=31.7dB  overall 96.8 fits/s
shard_013824: 256 fits in 3.5s  psnr_med=32.1dB  overall 96.2 fits/s
shard_014080: 256 fits in 3.3s  psnr_med=32.3dB  overall 95.8 fits/s
shard_014336: 256 fits in 3.3s  psnr_med=32.1dB  overall 95.4 fits/s
shard_014592: 256 fits in 3.4s  psnr_med=32.0dB  overall 94.9 fits/s
shard_014848: 256 fits in 3.3s  psnr_med=32.2dB  overall 94.6 fits/s
shard_015104: 256 fits in 3.5s  psnr_med=32.1dB  overall 94.1 fits/s
shard_015360: 256 fits in 3.3s  psnr_med=32.0dB  overall 93.8 fits/s
shard_015616: 256 fits in 3.3s  psnr_med=32.2dB  overall 93.5 fits/s
shard_015872: 256 fits in 3.3s  psnr_med=32.2dB  overall 93.1 fits/s
shard_016128: 256 fits in 3.3s  psnr_med=32.4dB  overall 92.8 fits/s
shard_016384: 256 fits in 3.1s  psnr_med=32.2dB  overall 92.6 fits/s
shard_016640: 256 fits in 2.3s  psnr_med=32.0dB  overall 92.8 fits/s
shard_016896: 256 fits in 2.3s  psnr_med=32.1dB  overall 93.1 fits/s
shard_017152: 256 fits in 2.3s  psnr_med=32.3dB  overall 93.3 fits/s
{
  "n_inrs": 70000,
  "psnr_median": 39.13877868652344,
  "psnr_q05": 36.85896377563476,
  "corr_psnr_label": 0.16358626731575343,
  "wallclock_total_s": 0.26328396797180176
}
{
  "n_inrs": 70000,
  "psnr_median": 37.47160720825195,
  "psnr_q05": 33.60888195037842,
  "corr_psnr_label": -0.00455075352235351,
  "wallclock_total_s": 0.2858109474182129
}
shard_017408: 256 fits in 2.5s  psnr_med=31.8dB  overall 7019.8 fits/s
shard_017664: 256 fits in 3.1s  psnr_med=32.0dB  overall 3186.1 fits/s
shard_017920: 256 fits in 3.2s  psnr_med=32.3dB  overall 2057.1 fits/s
shard_018176: 256 fits in 3.0s  psnr_med=32.0dB  overall 1560.4 fits/s
shard_018432: 256 fits in 3.1s  psnr_med=32.1dB  overall 1255.7 fits/s
shard_018688: 256 fits in 3.0s  psnr_med=32.3dB  overall 1060.1 fits/s
shard_018944: 256 fits in 3.0s  psnr_med=32.2dB  overall 917.9 fits/s
shard_019200: 256 fits in 3.0s  psnr_med=32.4dB  overall 814.6 fits/s
shard_019456: 256 fits in 3.0s  psnr_med=32.4dB  overall 733.2 fits/s
shard_019712: 256 fits in 3.1s  psnr_med=32.3dB  overall 666.4 fits/s
shard_019968: 256 fits in 3.0s  psnr_med=32.3dB  overall 612.7 fits/s
shard_020224: 256 fits in 3.2s  psnr_med=32.2dB  overall 565.6 fits/s
shard_020480: 256 fits in 3.1s  psnr_med=32.4dB  overall 527.0 fits/s
shard_020736: 256 fits in 3.2s  psnr_med=32.2dB  overall 493.1 fits/s
shard_020992: 256 fits in 3.1s  psnr_med=32.2dB  overall 465.5 fits/s
shard_021248: 256 fits in 3.1s  psnr_med=32.2dB  overall 441.0 fits/s
shard_021504: 256 fits in 3.1s  psnr_med=32.3dB  overall 419.4 fits/s
shard_021760: 256 fits in 3.1s  psnr_med=32.5dB  overall 400.0 fits/s
shard_022016: 256 fits in 3.3s  psnr_med=32.1dB  overall 382.0 fits/s
shard_022272: 256 fits in 3.1s  psnr_med=32.3dB  overall 366.6 fits/s
shard_022528: 256 fits in 3.3s  psnr_med=32.2dB  overall 352.1 fits/s
shard_022784: 256 fits in 3.2s  psnr_med=32.3dB  overall 339.3 fits/s
shard_023040: 256 fits in 3.1s  psnr_med=32.2dB  overall 328.0 fits/s
shard_023296: 256 fits in 3.4s  psnr_med=32.3dB  overall 316.5 fits/s
shard_023552: 256 fits in 3.2s  psnr_med=32.0dB  overall 306.6 fits/s
shard_023808: 256 fits in 3.2s  psnr_med=32.0dB  overall 297.5 fits/s
shard_024064: 256 fits in 3.3s  psnr_med=32.3dB  overall 289.0 fits/s
shard_024320: 256 fits in 3.3s  psnr_med=32.4dB  overall 281.0 fits/s
shard_024576: 256 fits in 3.2s  psnr_med=32.5dB  overall 274.0 fits/s
shard_024832: 256 fits in 2.3s  psnr_med=32.4dB  overall 269.9 fits/s
shard_025088: 256 fits in 2.2s  psnr_med=32.1dB  overall 266.3 fits/s
shard_025344: 256 fits in 2.2s  psnr_med=32.4dB  overall 262.8 fits/s
shard_025600: 256 fits in 2.2s  psnr_med=32.1dB  overall 259.4 fits/s
shard_025856: 256 fits in 2.6s  psnr_med=32.0dB  overall 255.4 fits/s
shard_026112: 256 fits in 2.5s  psnr_med=32.1dB  overall 251.8 fits/s
shard_026368: 256 fits in 2.4s  psnr_med=31.7dB  overall 248.5 fits/s
shard_026624: 256 fits in 2.3s  psnr_med=32.2dB  overall 245.7 fits/s
