=== grayscale CIFAR corpus start Thu Jul 30 12:48:20 +03 2026 ===
--- P-shared-det Thu Jul 30 12:48:20 +03 2026 ---
shard_000000: 256 fits in 21.0s  psnr_med=60.0dB  overall 12.2 fits/s
shard_000256: 256 fits in 20.5s  psnr_med=59.7dB  overall 12.3 fits/s
shard_000512: 256 fits in 20.4s  psnr_med=59.4dB  overall 12.4 fits/s
shard_000768: 256 fits in 20.6s  psnr_med=59.5dB  overall 12.4 fits/s
shard_001024: 256 fits in 21.0s  psnr_med=59.5dB  overall 12.4 fits/s
shard_001280: 256 fits in 23.7s  psnr_med=59.7dB  overall 12.1 fits/s
shard_001536: 256 fits in 24.7s  psnr_med=59.8dB  overall 11.8 fits/s
shard_001792: 256 fits in 25.8s  psnr_med=60.1dB  overall 11.5 fits/s
shard_002048: 256 fits in 29.0s  psnr_med=59.4dB  overall 11.1 fits/s
shard_002304: 256 fits in 29.7s  psnr_med=59.2dB  overall 10.8 fits/s
shard_002560: 256 fits in 30.0s  psnr_med=59.2dB  overall 10.6 fits/s
shard_002816: 256 fits in 30.2s  psnr_med=60.2dB  overall 10.4 fits/s
shard_003072: 256 fits in 30.1s  psnr_med=59.2dB  overall 10.2 fits/s
shard_003328: 256 fits in 30.3s  psnr_med=59.4dB  overall 10.0 fits/s
shard_003584: 256 fits in 30.0s  psnr_med=59.3dB  overall 9.9 fits/s
shard_003840: 256 fits in 28.9s  psnr_med=59.6dB  overall 9.8 fits/s
shard_004096: 256 fits in 29.4s  psnr_med=60.5dB  overall 9.8 fits/s
shard_004352: 256 fits in 29.2s  psnr_med=59.0dB  overall 9.7 fits/s
shard_004608: 256 fits in 27.4s  psnr_med=59.5dB  overall 9.7 fits/s
shard_004864: 256 fits in 26.4s  psnr_med=60.2dB  overall 9.7 fits/s
shard_005120: 256 fits in 26.5s  psnr_med=59.2dB  overall 9.7 fits/s
shard_005376: 256 fits in 27.2s  psnr_med=59.1dB  overall 9.7 fits/s
shard_005632: 256 fits in 26.6s  psnr_med=59.4dB  overall 9.7 fits/s
shard_005888: 256 fits in 27.1s  psnr_med=60.2dB  overall 9.7 fits/s
shard_006144: 256 fits in 27.0s  psnr_med=60.4dB  overall 9.7 fits/s
shard_006400: 256 fits in 27.3s  psnr_med=59.1dB  overall 9.6 fits/s
shard_006656: 256 fits in 27.5s  psnr_med=60.6dB  overall 9.6 fits/s
shard_006912: 256 fits in 28.9s  psnr_med=59.9dB  overall 9.6 fits/s
shard_007168: 256 fits in 28.4s  psnr_med=60.5dB  overall 9.6 fits/s
shard_007424: 256 fits in 29.3s  psnr_med=59.7dB  overall 9.5 fits/s
shard_007680: 256 fits in 30.1s  psnr_med=59.9dB  overall 9.5 fits/s
shard_007936: 256 fits in 28.6s  psnr_med=59.6dB  overall 9.5 fits/s
shard_008192: 256 fits in 28.9s  psnr_med=59.6dB  overall 9.5 fits/s
shard_008448: 256 fits in 27.5s  psnr_med=60.1dB  overall 9.5 fits/s
shard_008704: 256 fits in 27.9s  psnr_med=59.8dB  overall 9.5 fits/s
shard_008960: 256 fits in 27.5s  psnr_med=59.8dB  overall 9.5 fits/s
shard_009216: 256 fits in 26.4s  psnr_med=59.1dB  overall 9.5 fits/s
shard_009472: 256 fits in 26.5s  psnr_med=60.1dB  overall 9.5 fits/s
shard_009728: 256 fits in 26.2s  psnr_med=60.1dB  overall 9.5 fits/s
shard_009984: 256 fits in 26.3s  psnr_med=59.6dB  overall 9.5 fits/s
shard_010240: 256 fits in 26.2s  psnr_med=59.7dB  overall 9.5 fits/s
shard_010496: 256 fits in 27.0s  psnr_med=59.6dB  overall 9.5 fits/s
shard_010752: 256 fits in 27.5s  psnr_med=60.5dB  overall 9.5 fits/s
shard_011008: 256 fits in 28.5s  psnr_med=59.5dB  overall 9.5 fits/s
shard_011264: 256 fits in 28.7s  psnr_med=59.7dB  overall 9.5 fits/s
shard_011520: 256 fits in 28.8s  psnr_med=60.0dB  overall 9.4 fits/s
shard_011776: 256 fits in 28.8s  psnr_med=59.9dB  overall 9.4 fits/s
shard_012032: 256 fits in 29.0s  psnr_med=60.2dB  overall 9.4 fits/s
shard_012288: 256 fits in 28.8s  psnr_med=59.6dB  overall 9.4 fits/s
shard_012544: 256 fits in 29.0s  psnr_med=60.5dB  overall 9.4 fits/s
shard_012800: 256 fits in 32.4s  psnr_med=59.4dB  overall 9.4 fits/s
shard_013056: 256 fits in 33.4s  psnr_med=58.7dB  overall 9.3 fits/s
shard_013312: 256 fits in 32.6s  psnr_med=60.8dB  overall 9.3 fits/s
shard_013568: 256 fits in 30.3s  psnr_med=60.0dB  overall 9.3 fits/s
shard_013824: 256 fits in 30.8s  psnr_med=59.8dB  overall 9.2 fits/s
shard_014080: 256 fits in 36.8s  psnr_med=60.1dB  overall 9.2 fits/s
shard_014336: 256 fits in 32.0s  psnr_med=59.3dB  overall 9.2 fits/s
shard_014592: 256 fits in 30.2s  psnr_med=60.2dB  overall 9.2 fits/s
shard_014848: 256 fits in 30.7s  psnr_med=59.6dB  overall 9.1 fits/s
shard_015104: 256 fits in 30.5s  psnr_med=60.2dB  overall 9.1 fits/s
shard_015360: 256 fits in 30.8s  psnr_med=59.4dB  overall 9.1 fits/s
shard_015616: 256 fits in 30.7s  psnr_med=60.7dB  overall 9.1 fits/s
shard_015872: 256 fits in 30.3s  psnr_med=59.8dB  overall 9.1 fits/s
shard_016128: 256 fits in 30.5s  psnr_med=58.7dB  overall 9.1 fits/s
shard_016384: 256 fits in 30.2s  psnr_med=59.6dB  overall 9.1 fits/s
shard_016640: 256 fits in 30.5s  psnr_med=60.5dB  overall 9.1 fits/s
shard_016896: 256 fits in 30.2s  psnr_med=60.1dB  overall 9.0 fits/s
shard_017152: 256 fits in 30.5s  psnr_med=59.3dB  overall 9.0 fits/s
shard_017408: 256 fits in 30.5s  psnr_med=60.3dB  overall 9.0 fits/s
shard_017664: 256 fits in 30.4s  psnr_med=59.4dB  overall 9.0 fits/s
shard_017920: 256 fits in 30.5s  psnr_med=59.7dB  overall 9.0 fits/s
shard_018176: 256 fits in 30.9s  psnr_med=60.3dB  overall 9.0 fits/s
shard_018432: 256 fits in 31.0s  psnr_med=59.7dB  overall 9.0 fits/s
shard_018688: 256 fits in 30.5s  psnr_med=59.7dB  overall 9.0 fits/s
shard_018944: 256 fits in 30.9s  psnr_med=59.2dB  overall 9.0 fits/s
shard_019200: 256 fits in 30.0s  psnr_med=59.8dB  overall 9.0 fits/s
shard_019456: 256 fits in 29.8s  psnr_med=60.3dB  overall 9.0 fits/s
shard_019712: 256 fits in 29.8s  psnr_med=59.2dB  overall 9.0 fits/s
shard_019968: 256 fits in 29.1s  psnr_med=59.4dB  overall 8.9 fits/s
shard_020224: 256 fits in 29.2s  psnr_med=60.3dB  overall 8.9 fits/s
shard_020480: 256 fits in 29.2s  psnr_med=59.0dB  overall 8.9 fits/s
shard_020736: 256 fits in 29.2s  psnr_med=59.3dB  overall 8.9 fits/s
shard_020992: 256 fits in 29.4s  psnr_med=59.9dB  overall 8.9 fits/s
shard_021248: 256 fits in 29.4s  psnr_med=59.4dB  overall 8.9 fits/s
shard_021504: 256 fits in 29.8s  psnr_med=59.1dB  overall 8.9 fits/s
shard_021760: 256 fits in 29.3s  psnr_med=59.2dB  overall 8.9 fits/s
shard_022016: 256 fits in 29.4s  psnr_med=59.8dB  overall 8.9 fits/s
shard_022272: 256 fits in 29.8s  psnr_med=60.0dB  overall 8.9 fits/s
shard_022528: 256 fits in 29.9s  psnr_med=59.4dB  overall 8.9 fits/s
shard_022784: 256 fits in 29.6s  psnr_med=59.4dB  overall 8.9 fits/s
shard_023040: 256 fits in 29.3s  psnr_med=60.2dB  overall 8.9 fits/s
shard_023296: 256 fits in 31.5s  psnr_med=60.0dB  overall 8.9 fits/s
shard_023552: 256 fits in 30.2s  psnr_med=59.2dB  overall 8.9 fits/s
shard_023808: 256 fits in 31.7s  psnr_med=59.4dB  overall 8.9 fits/s
shard_024064: 256 fits in 30.6s  psnr_med=60.2dB  overall 8.9 fits/s
shard_024320: 256 fits in 29.8s  psnr_med=60.0dB  overall 8.9 fits/s
shard_024576: 256 fits in 29.7s  psnr_med=59.8dB  overall 8.9 fits/s
shard_024832: 256 fits in 28.7s  psnr_med=60.7dB  overall 8.9 fits/s
shard_025088: 256 fits in 28.0s  psnr_med=59.8dB  overall 8.9 fits/s
shard_025344: 256 fits in 27.7s  psnr_med=60.4dB  overall 8.9 fits/s
shard_025600: 256 fits in 27.6s  psnr_med=59.6dB  overall 8.9 fits/s
shard_025856: 256 fits in 27.7s  psnr_med=59.1dB  overall 8.9 fits/s
shard_026112: 256 fits in 29.1s  psnr_med=59.0dB  overall 8.9 fits/s
shard_026368: 256 fits in 29.0s  psnr_med=60.7dB  overall 8.9 fits/s
shard_026624: 256 fits in 28.7s  psnr_med=60.3dB  overall 8.9 fits/s
shard_026880: 256 fits in 28.9s  psnr_med=60.0dB  overall 8.9 fits/s
shard_027136: 256 fits in 28.9s  psnr_med=59.5dB  overall 8.9 fits/s
shard_027392: 256 fits in 29.0s  psnr_med=60.3dB  overall 8.9 fits/s
shard_027648: 256 fits in 29.0s  psnr_med=59.4dB  overall 8.9 fits/s
shard_027904: 256 fits in 29.1s  psnr_med=59.1dB  overall 8.9 fits/s
shard_028160: 256 fits in 29.2s  psnr_med=60.1dB  overall 8.9 fits/s
shard_028416: 256 fits in 28.7s  psnr_med=59.5dB  overall 8.9 fits/s
shard_028672: 256 fits in 29.0s  psnr_med=59.9dB  overall 8.9 fits/s
shard_028928: 256 fits in 29.1s  psnr_med=60.1dB  overall 8.9 fits/s
shard_029184: 256 fits in 29.9s  psnr_med=60.1dB  overall 8.9 fits/s
shard_029440: 256 fits in 29.9s  psnr_med=59.5dB  overall 8.9 fits/s
shard_029696: 256 fits in 29.7s  psnr_med=59.8dB  overall 8.9 fits/s
shard_029952: 256 fits in 30.2s  psnr_med=59.2dB  overall 8.9 fits/s
shard_030208: 256 fits in 30.5s  psnr_med=59.5dB  overall 8.9 fits/s
shard_030464: 256 fits in 30.6s  psnr_med=58.7dB  overall 8.9 fits/s
shard_030720: 256 fits in 29.5s  psnr_med=59.3dB  overall 8.9 fits/s
shard_030976: 256 fits in 26.8s  psnr_med=59.6dB  overall 8.9 fits/s
shard_031232: 256 fits in 26.7s  psnr_med=60.0dB  overall 8.9 fits/s
shard_031488: 256 fits in 26.6s  psnr_med=58.9dB  overall 8.9 fits/s
shard_031744: 256 fits in 26.7s  psnr_med=59.8dB  overall 8.9 fits/s
shard_032000: 256 fits in 26.6s  psnr_med=59.2dB  overall 8.9 fits/s
shard_032256: 256 fits in 26.7s  psnr_med=59.5dB  overall 8.9 fits/s
shard_032512: 256 fits in 26.8s  psnr_med=60.7dB  overall 8.9 fits/s
shard_032768: 256 fits in 26.6s  psnr_med=59.4dB  overall 8.9 fits/s
shard_033024: 256 fits in 26.9s  psnr_med=59.0dB  overall 8.9 fits/s
shard_033280: 256 fits in 26.6s  psnr_med=60.1dB  overall 8.9 fits/s
shard_033536: 256 fits in 26.9s  psnr_med=59.7dB  overall 8.9 fits/s
shard_033792: 256 fits in 26.7s  psnr_med=59.4dB  overall 8.9 fits/s
shard_034048: 256 fits in 26.8s  psnr_med=59.5dB  overall 8.9 fits/s
shard_034304: 256 fits in 26.7s  psnr_med=59.1dB  overall 8.9 fits/s
shard_034560: 256 fits in 26.7s  psnr_med=60.1dB  overall 8.9 fits/s
shard_034816: 256 fits in 26.8s  psnr_med=59.8dB  overall 8.9 fits/s
shard_035072: 256 fits in 26.8s  psnr_med=59.9dB  overall 8.9 fits/s
shard_035328: 256 fits in 27.1s  psnr_med=59.7dB  overall 8.9 fits/s
shard_035584: 256 fits in 26.9s  psnr_med=59.8dB  overall 9.0 fits/s
shard_035840: 256 fits in 26.9s  psnr_med=60.6dB  overall 9.0 fits/s
shard_036096: 256 fits in 26.8s  psnr_med=60.3dB  overall 9.0 fits/s
shard_036352: 256 fits in 26.8s  psnr_med=60.0dB  overall 9.0 fits/s
shard_036608: 256 fits in 26.8s  psnr_med=60.5dB  overall 9.0 fits/s
shard_036864: 256 fits in 26.8s  psnr_med=60.3dB  overall 9.0 fits/s
shard_037120: 256 fits in 26.9s  psnr_med=60.6dB  overall 9.0 fits/s
shard_037376: 256 fits in 26.8s  psnr_med=59.7dB  overall 9.0 fits/s
shard_037632: 256 fits in 26.8s  psnr_med=59.2dB  overall 9.0 fits/s
shard_037888: 256 fits in 26.8s  psnr_med=59.5dB  overall 9.0 fits/s
shard_038144: 256 fits in 26.9s  psnr_med=60.0dB  overall 9.0 fits/s
shard_038400: 256 fits in 26.9s  psnr_med=59.9dB  overall 9.0 fits/s
shard_038656: 256 fits in 27.1s  psnr_med=60.0dB  overall 9.0 fits/s
shard_038912: 256 fits in 27.0s  psnr_med=60.2dB  overall 9.0 fits/s
shard_039168: 256 fits in 27.5s  psnr_med=59.6dB  overall 9.0 fits/s
shard_039424: 256 fits in 28.6s  psnr_med=59.8dB  overall 9.0 fits/s
shard_039680: 256 fits in 28.9s  psnr_med=60.0dB  overall 9.0 fits/s
shard_039936: 256 fits in 26.1s  psnr_med=59.6dB  overall 9.0 fits/s
shard_040192: 256 fits in 24.9s  psnr_med=59.4dB  overall 9.0 fits/s
shard_040448: 256 fits in 23.8s  psnr_med=59.5dB  overall 9.0 fits/s
shard_040704: 256 fits in 23.3s  psnr_med=59.1dB  overall 9.0 fits/s
shard_040960: 256 fits in 23.1s  psnr_med=59.6dB  overall 9.0 fits/s
shard_041216: 256 fits in 23.1s  psnr_med=59.8dB  overall 9.1 fits/s
shard_041472: 256 fits in 23.1s  psnr_med=60.2dB  overall 9.1 fits/s
shard_041728: 256 fits in 23.2s  psnr_med=59.9dB  overall 9.1 fits/s
shard_041984: 256 fits in 23.3s  psnr_med=59.9dB  overall 9.1 fits/s
shard_042240: 256 fits in 23.4s  psnr_med=60.1dB  overall 9.1 fits/s
shard_042496: 256 fits in 23.5s  psnr_med=59.5dB  overall 9.1 fits/s
shard_042752: 256 fits in 23.8s  psnr_med=59.0dB  overall 9.1 fits/s
shard_043008: 256 fits in 23.9s  psnr_med=60.6dB  overall 9.1 fits/s
shard_043264: 256 fits in 24.0s  psnr_med=59.9dB  overall 9.1 fits/s
shard_043520: 256 fits in 24.1s  psnr_med=60.3dB  overall 9.1 fits/s
shard_043776: 256 fits in 24.4s  psnr_med=59.7dB  overall 9.1 fits/s
shard_044032: 256 fits in 24.5s  psnr_med=59.7dB  overall 9.1 fits/s
shard_044288: 256 fits in 24.6s  psnr_med=59.1dB  overall 9.2 fits/s
shard_044544: 256 fits in 24.7s  psnr_med=59.3dB  overall 9.2 fits/s
shard_044800: 256 fits in 24.9s  psnr_med=59.0dB  overall 9.2 fits/s
shard_045056: 256 fits in 25.0s  psnr_med=59.1dB  overall 9.2 fits/s
shard_045312: 256 fits in 25.1s  psnr_med=59.5dB  overall 9.2 fits/s
shard_045568: 256 fits in 25.3s  psnr_med=60.6dB  overall 9.2 fits/s
shard_045824: 256 fits in 25.4s  psnr_med=60.2dB  overall 9.2 fits/s
shard_046080: 256 fits in 25.5s  psnr_med=59.6dB  overall 9.2 fits/s
shard_046336: 256 fits in 25.7s  psnr_med=59.2dB  overall 9.2 fits/s
shard_046592: 256 fits in 25.6s  psnr_med=59.9dB  overall 9.2 fits/s
shard_046848: 256 fits in 25.9s  psnr_med=59.4dB  overall 9.2 fits/s
shard_047104: 256 fits in 25.9s  psnr_med=59.2dB  overall 9.2 fits/s
shard_047360: 256 fits in 26.0s  psnr_med=60.2dB  overall 9.2 fits/s
shard_047616: 256 fits in 26.1s  psnr_med=60.1dB  overall 9.2 fits/s
shard_047872: 256 fits in 26.0s  psnr_med=58.7dB  overall 9.2 fits/s
shard_048128: 256 fits in 26.0s  psnr_med=59.9dB  overall 9.2 fits/s
shard_048384: 256 fits in 26.1s  psnr_med=59.1dB  overall 9.2 fits/s
shard_048640: 256 fits in 26.1s  psnr_med=59.6dB  overall 9.2 fits/s
shard_048896: 256 fits in 26.1s  psnr_med=59.6dB  overall 9.2 fits/s
shard_049152: 256 fits in 26.4s  psnr_med=60.4dB  overall 9.2 fits/s
shard_049408: 256 fits in 26.3s  psnr_med=59.4dB  overall 9.2 fits/s
shard_049664: 256 fits in 26.3s  psnr_med=59.8dB  overall 9.2 fits/s
shard_049920: 256 fits in 26.4s  psnr_med=59.2dB  overall 9.2 fits/s
shard_050176: 256 fits in 26.5s  psnr_med=59.3dB  overall 9.2 fits/s
shard_050432: 256 fits in 26.5s  psnr_med=59.8dB  overall 9.2 fits/s
shard_050688: 256 fits in 26.5s  psnr_med=59.5dB  overall 9.2 fits/s
shard_050944: 256 fits in 26.6s  psnr_med=60.0dB  overall 9.2 fits/s
shard_051200: 256 fits in 26.6s  psnr_med=59.5dB  overall 9.2 fits/s
shard_051456: 256 fits in 26.7s  psnr_med=60.4dB  overall 9.2 fits/s
shard_051712: 256 fits in 26.7s  psnr_med=59.6dB  overall 9.2 fits/s
shard_051968: 256 fits in 26.8s  psnr_med=59.8dB  overall 9.2 fits/s
shard_052224: 256 fits in 27.1s  psnr_med=59.9dB  overall 9.2 fits/s
shard_052480: 256 fits in 27.0s  psnr_med=59.8dB  overall 9.2 fits/s
shard_052736: 256 fits in 32.4s  psnr_med=58.9dB  overall 9.2 fits/s
shard_052992: 256 fits in 26.9s  psnr_med=59.6dB  overall 9.2 fits/s
shard_053248: 256 fits in 26.8s  psnr_med=59.8dB  overall 9.2 fits/s
shard_053504: 256 fits in 26.5s  psnr_med=59.8dB  overall 9.2 fits/s
shard_053760: 256 fits in 26.5s  psnr_med=60.5dB  overall 9.2 fits/s
shard_054016: 256 fits in 26.6s  psnr_med=60.2dB  overall 9.2 fits/s
shard_054272: 256 fits in 26.5s  psnr_med=59.8dB  overall 9.3 fits/s
shard_054528: 256 fits in 26.7s  psnr_med=60.3dB  overall 9.3 fits/s
shard_054784: 256 fits in 26.6s  psnr_med=59.5dB  overall 9.3 fits/s
shard_055040: 256 fits in 26.6s  psnr_med=59.0dB  overall 9.3 fits/s
shard_055296: 256 fits in 26.8s  psnr_med=59.3dB  overall 9.3 fits/s
shard_055552: 256 fits in 27.0s  psnr_med=59.4dB  overall 9.3 fits/s
shard_055808: 256 fits in 26.8s  psnr_med=60.5dB  overall 9.3 fits/s
shard_056064: 256 fits in 26.9s  psnr_med=59.4dB  overall 9.3 fits/s
shard_056320: 256 fits in 27.1s  psnr_med=60.0dB  overall 9.3 fits/s
shard_056576: 256 fits in 27.1s  psnr_med=59.7dB  overall 9.3 fits/s
shard_056832: 256 fits in 27.3s  psnr_med=60.2dB  overall 9.3 fits/s
shard_057088: 256 fits in 27.2s  psnr_med=59.8dB  overall 9.3 fits/s
shard_057344: 256 fits in 27.3s  psnr_med=59.9dB  overall 9.3 fits/s
shard_057600: 256 fits in 27.5s  psnr_med=60.1dB  overall 9.3 fits/s
shard_057856: 256 fits in 27.6s  psnr_med=60.7dB  overall 9.3 fits/s
shard_058112: 256 fits in 27.4s  psnr_med=59.3dB  overall 9.3 fits/s
shard_058368: 256 fits in 27.4s  psnr_med=59.3dB  overall 9.3 fits/s
shard_058624: 256 fits in 27.5s  psnr_med=59.9dB  overall 9.3 fits/s
shard_058880: 256 fits in 27.6s  psnr_med=59.5dB  overall 9.3 fits/s
shard_059136: 256 fits in 27.6s  psnr_med=59.0dB  overall 9.3 fits/s
shard_059392: 256 fits in 27.7s  psnr_med=59.6dB  overall 9.3 fits/s
shard_059648: 256 fits in 27.6s  psnr_med=59.3dB  overall 9.3 fits/s
shard_059904: 96 fits in 10.5s  psnr_med=59.9dB  overall 9.3 fits/s
{
  "n_inrs": 60000,
  "psnr_median": 59.77214813232422,
  "psnr_q05": 50.840492248535156,
  "corr_psnr_label": -0.002948131131280126,
  "wallclock_total_s": 6476.67159986496
}
--- P-random Thu Jul 30 14:36:19 +03 2026 ---
shard_000000: 256 fits in 28.7s  psnr_med=60.5dB  overall 8.9 fits/s
shard_000256: 256 fits in 28.0s  psnr_med=59.7dB  overall 9.0 fits/s
shard_000512: 256 fits in 28.0s  psnr_med=59.5dB  overall 9.1 fits/s
shard_000768: 256 fits in 28.0s  psnr_med=60.5dB  overall 9.1 fits/s
shard_001024: 256 fits in 28.1s  psnr_med=60.2dB  overall 9.1 fits/s
shard_001280: 256 fits in 28.1s  psnr_med=60.3dB  overall 9.1 fits/s
shard_001536: 256 fits in 28.0s  psnr_med=59.6dB  overall 9.1 fits/s
shard_001792: 256 fits in 27.9s  psnr_med=60.8dB  overall 9.1 fits/s
shard_002048: 256 fits in 28.1s  psnr_med=59.9dB  overall 9.1 fits/s
shard_002304: 256 fits in 28.1s  psnr_med=59.8dB  overall 9.1 fits/s
shard_002560: 256 fits in 28.0s  psnr_med=59.8dB  overall 9.1 fits/s
shard_002816: 256 fits in 28.0s  psnr_med=60.1dB  overall 9.1 fits/s
shard_003072: 256 fits in 27.9s  psnr_med=59.7dB  overall 9.1 fits/s
shard_003328: 256 fits in 28.1s  psnr_med=60.0dB  overall 9.1 fits/s
shard_003584: 256 fits in 28.2s  psnr_med=59.2dB  overall 9.1 fits/s
shard_003840: 256 fits in 28.0s  psnr_med=59.9dB  overall 9.1 fits/s
shard_004096: 256 fits in 34.7s  psnr_med=60.0dB  overall 9.0 fits/s
shard_004352: 256 fits in 28.2s  psnr_med=59.1dB  overall 9.0 fits/s
shard_004608: 256 fits in 28.4s  psnr_med=59.9dB  overall 9.0 fits/s
shard_004864: 256 fits in 28.3s  psnr_med=59.8dB  overall 9.0 fits/s
shard_005120: 256 fits in 28.2s  psnr_med=59.5dB  overall 9.0 fits/s
shard_005376: 256 fits in 28.4s  psnr_med=59.5dB  overall 9.0 fits/s
shard_005632: 256 fits in 28.1s  psnr_med=59.6dB  overall 9.0 fits/s
shard_005888: 256 fits in 28.2s  psnr_med=60.2dB  overall 9.0 fits/s
shard_006144: 256 fits in 28.2s  psnr_med=60.0dB  overall 9.0 fits/s
shard_006400: 256 fits in 28.1s  psnr_med=59.6dB  overall 9.0 fits/s
shard_006656: 256 fits in 28.4s  psnr_med=60.4dB  overall 9.0 fits/s
shard_006912: 256 fits in 28.3s  psnr_med=60.8dB  overall 9.0 fits/s
shard_007168: 256 fits in 28.2s  psnr_med=60.5dB  overall 9.0 fits/s
shard_007424: 256 fits in 28.5s  psnr_med=59.9dB  overall 9.0 fits/s
shard_007680: 256 fits in 28.3s  psnr_med=59.9dB  overall 9.0 fits/s
shard_007936: 256 fits in 28.3s  psnr_med=59.6dB  overall 9.0 fits/s
shard_008192: 256 fits in 28.4s  psnr_med=59.7dB  overall 9.0 fits/s
shard_008448: 256 fits in 28.2s  psnr_med=60.3dB  overall 9.0 fits/s
shard_008704: 256 fits in 28.2s  psnr_med=59.5dB  overall 9.0 fits/s
shard_008960: 256 fits in 28.1s  psnr_med=60.4dB  overall 9.0 fits/s
shard_009216: 256 fits in 28.3s  psnr_med=60.0dB  overall 9.0 fits/s
shard_009472: 256 fits in 28.3s  psnr_med=61.4dB  overall 9.0 fits/s
shard_009728: 256 fits in 28.3s  psnr_med=60.1dB  overall 9.0 fits/s
shard_009984: 256 fits in 28.2s  psnr_med=59.5dB  overall 9.0 fits/s
shard_010240: 256 fits in 28.3s  psnr_med=60.0dB  overall 9.0 fits/s
shard_010496: 256 fits in 28.3s  psnr_med=60.4dB  overall 9.0 fits/s
shard_010752: 256 fits in 28.4s  psnr_med=59.8dB  overall 9.0 fits/s
shard_011008: 256 fits in 28.4s  psnr_med=59.7dB  overall 9.0 fits/s
shard_011264: 256 fits in 28.3s  psnr_med=60.3dB  overall 9.0 fits/s
shard_011520: 256 fits in 28.4s  psnr_med=59.0dB  overall 9.0 fits/s
shard_011776: 256 fits in 28.5s  psnr_med=60.7dB  overall 9.0 fits/s
shard_012032: 256 fits in 28.6s  psnr_med=59.9dB  overall 9.0 fits/s
shard_012288: 256 fits in 28.4s  psnr_med=60.3dB  overall 9.0 fits/s
shard_012544: 256 fits in 28.4s  psnr_med=60.4dB  overall 9.0 fits/s
shard_012800: 256 fits in 28.3s  psnr_med=59.3dB  overall 9.0 fits/s
shard_013056: 256 fits in 28.8s  psnr_med=59.1dB  overall 9.0 fits/s
shard_013312: 256 fits in 28.4s  psnr_med=60.0dB  overall 9.0 fits/s
shard_013568: 256 fits in 28.9s  psnr_med=59.8dB  overall 9.0 fits/s
shard_013824: 256 fits in 28.8s  psnr_med=59.4dB  overall 9.0 fits/s
shard_014080: 256 fits in 29.2s  psnr_med=60.2dB  overall 9.0 fits/s
shard_014336: 256 fits in 28.9s  psnr_med=59.2dB  overall 9.0 fits/s
shard_014592: 256 fits in 29.0s  psnr_med=59.9dB  overall 9.0 fits/s
shard_014848: 256 fits in 28.8s  psnr_med=59.5dB  overall 9.0 fits/s
shard_015104: 256 fits in 29.1s  psnr_med=59.5dB  overall 9.0 fits/s
shard_015360: 256 fits in 28.6s  psnr_med=59.6dB  overall 9.0 fits/s
shard_015616: 256 fits in 28.7s  psnr_med=60.4dB  overall 9.0 fits/s
shard_015872: 256 fits in 28.5s  psnr_med=59.9dB  overall 9.0 fits/s
shard_016128: 256 fits in 28.6s  psnr_med=58.2dB  overall 9.0 fits/s
shard_016384: 256 fits in 28.7s  psnr_med=59.6dB  overall 9.0 fits/s
shard_016640: 256 fits in 28.6s  psnr_med=59.7dB  overall 9.0 fits/s
shard_016896: 256 fits in 28.6s  psnr_med=60.4dB  overall 9.0 fits/s
shard_017152: 256 fits in 28.7s  psnr_med=59.6dB  overall 9.0 fits/s
shard_017408: 256 fits in 28.8s  psnr_med=60.2dB  overall 9.0 fits/s
shard_017664: 256 fits in 28.7s  psnr_med=60.4dB  overall 9.0 fits/s
shard_017920: 256 fits in 28.7s  psnr_med=60.0dB  overall 9.0 fits/s
shard_018176: 256 fits in 28.6s  psnr_med=60.4dB  overall 9.0 fits/s
shard_018432: 256 fits in 28.6s  psnr_med=60.0dB  overall 9.0 fits/s
shard_018688: 256 fits in 28.6s  psnr_med=59.4dB  overall 9.0 fits/s
shard_018944: 256 fits in 28.3s  psnr_med=59.7dB  overall 9.0 fits/s
shard_019200: 256 fits in 28.5s  psnr_med=59.7dB  overall 9.0 fits/s
shard_019456: 256 fits in 28.5s  psnr_med=60.1dB  overall 9.0 fits/s
shard_019712: 256 fits in 28.1s  psnr_med=60.2dB  overall 9.0 fits/s
shard_019968: 256 fits in 28.2s  psnr_med=60.1dB  overall 9.0 fits/s
shard_020224: 256 fits in 28.2s  psnr_med=60.5dB  overall 9.0 fits/s
shard_020480: 256 fits in 28.2s  psnr_med=59.9dB  overall 9.0 fits/s
shard_020736: 256 fits in 28.4s  psnr_med=59.8dB  overall 9.0 fits/s
shard_020992: 256 fits in 28.6s  psnr_med=59.7dB  overall 9.0 fits/s
shard_021248: 256 fits in 28.4s  psnr_med=60.0dB  overall 9.0 fits/s
shard_021504: 256 fits in 28.4s  psnr_med=59.4dB  overall 9.0 fits/s
shard_021760: 256 fits in 28.4s  psnr_med=58.7dB  overall 9.0 fits/s
shard_022016: 256 fits in 28.4s  psnr_med=60.3dB  overall 9.0 fits/s
shard_022272: 256 fits in 28.4s  psnr_med=59.3dB  overall 9.0 fits/s
shard_022528: 256 fits in 28.4s  psnr_med=59.1dB  overall 9.0 fits/s
shard_022784: 256 fits in 28.5s  psnr_med=59.3dB  overall 9.0 fits/s
shard_023040: 256 fits in 28.5s  psnr_med=61.0dB  overall 9.0 fits/s
shard_023296: 256 fits in 28.6s  psnr_med=60.0dB  overall 9.0 fits/s
shard_023552: 256 fits in 28.5s  psnr_med=59.2dB  overall 9.0 fits/s
shard_023808: 256 fits in 28.5s  psnr_med=59.3dB  overall 9.0 fits/s
shard_024064: 256 fits in 28.6s  psnr_med=59.8dB  overall 9.0 fits/s
shard_024320: 256 fits in 28.6s  psnr_med=60.5dB  overall 9.0 fits/s
shard_024576: 256 fits in 28.7s  psnr_med=59.2dB  overall 9.0 fits/s
shard_024832: 256 fits in 29.7s  psnr_med=60.4dB  overall 9.0 fits/s
shard_025088: 256 fits in 33.0s  psnr_med=59.9dB  overall 9.0 fits/s
shard_025344: 256 fits in 32.0s  psnr_med=60.4dB  overall 9.0 fits/s
shard_025600: 256 fits in 33.7s  psnr_med=59.6dB  overall 8.9 fits/s
shard_025856: 256 fits in 35.0s  psnr_med=59.0dB  overall 8.9 fits/s
shard_026112: 256 fits in 35.6s  psnr_med=59.5dB  overall 8.9 fits/s
shard_026368: 256 fits in 36.5s  psnr_med=61.1dB  overall 8.9 fits/s
shard_026624: 256 fits in 36.2s  psnr_med=58.8dB  overall 8.9 fits/s
shard_026880: 256 fits in 35.7s  psnr_med=60.6dB  overall 8.8 fits/s
shard_027136: 256 fits in 36.0s  psnr_med=60.1dB  overall 8.8 fits/s
shard_027392: 256 fits in 35.7s  psnr_med=60.7dB  overall 8.8 fits/s
shard_027648: 256 fits in 35.7s  psnr_med=59.4dB  overall 8.8 fits/s
shard_027904: 256 fits in 36.0s  psnr_med=60.5dB  overall 8.8 fits/s
shard_028160: 256 fits in 36.4s  psnr_med=59.9dB  overall 8.7 fits/s
shard_028416: 256 fits in 36.4s  psnr_med=59.7dB  overall 8.7 fits/s
shard_028672: 256 fits in 37.0s  psnr_med=60.4dB  overall 8.7 fits/s
shard_028928: 256 fits in 37.5s  psnr_med=59.7dB  overall 8.7 fits/s
shard_029184: 256 fits in 39.8s  psnr_med=60.1dB  overall 8.7 fits/s
shard_029440: 256 fits in 41.5s  psnr_med=59.7dB  overall 8.6 fits/s
shard_029696: 256 fits in 44.0s  psnr_med=60.1dB  overall 8.6 fits/s
shard_029952: 256 fits in 40.5s  psnr_med=59.1dB  overall 8.6 fits/s
shard_030208: 256 fits in 40.8s  psnr_med=59.3dB  overall 8.5 fits/s
shard_030464: 256 fits in 42.1s  psnr_med=59.5dB  overall 8.5 fits/s
shard_030720: 256 fits in 44.2s  psnr_med=60.0dB  overall 8.5 fits/s
shard_030976: 256 fits in 45.3s  psnr_med=59.4dB  overall 8.4 fits/s
shard_031232: 256 fits in 42.8s  psnr_med=60.2dB  overall 8.4 fits/s
shard_031488: 256 fits in 44.0s  psnr_med=60.4dB  overall 8.4 fits/s
shard_031744: 256 fits in 43.2s  psnr_med=59.6dB  overall 8.4 fits/s
shard_032000: 256 fits in 42.3s  psnr_med=59.1dB  overall 8.3 fits/s
shard_032256: 256 fits in 44.0s  psnr_med=59.2dB  overall 8.3 fits/s
shard_032512: 256 fits in 45.0s  psnr_med=61.5dB  overall 8.3 fits/s
shard_032768: 256 fits in 42.3s  psnr_med=59.8dB  overall 8.3 fits/s
shard_033024: 256 fits in 41.5s  psnr_med=59.9dB  overall 8.2 fits/s
shard_033280: 256 fits in 41.8s  psnr_med=60.7dB  overall 8.2 fits/s
shard_033536: 256 fits in 41.3s  psnr_med=59.9dB  overall 8.2 fits/s
shard_033792: 256 fits in 40.2s  psnr_med=59.4dB  overall 8.2 fits/s
shard_034048: 256 fits in 40.0s  psnr_med=59.4dB  overall 8.2 fits/s
shard_034304: 256 fits in 39.8s  psnr_med=59.1dB  overall 8.1 fits/s
shard_034560: 256 fits in 40.1s  psnr_med=60.6dB  overall 8.1 fits/s
shard_034816: 256 fits in 40.0s  psnr_med=59.6dB  overall 8.1 fits/s
shard_035072: 256 fits in 40.1s  psnr_med=60.0dB  overall 8.1 fits/s
shard_035328: 256 fits in 39.6s  psnr_med=60.1dB  overall 8.1 fits/s
shard_035584: 256 fits in 39.7s  psnr_med=59.2dB  overall 8.1 fits/s
shard_035840: 256 fits in 39.7s  psnr_med=60.8dB  overall 8.0 fits/s
shard_036096: 256 fits in 39.6s  psnr_med=60.3dB  overall 8.0 fits/s
shard_036352: 256 fits in 39.7s  psnr_med=60.5dB  overall 8.0 fits/s
shard_036608: 256 fits in 39.9s  psnr_med=60.2dB  overall 8.0 fits/s
shard_036864: 256 fits in 39.7s  psnr_med=59.6dB  overall 8.0 fits/s
shard_037120: 256 fits in 39.3s  psnr_med=60.0dB  overall 8.0 fits/s
shard_037376: 256 fits in 38.8s  psnr_med=59.6dB  overall 8.0 fits/s
shard_037632: 256 fits in 38.1s  psnr_med=60.0dB  overall 8.0 fits/s
shard_037888: 256 fits in 37.4s  psnr_med=60.0dB  overall 8.0 fits/s
shard_038144: 256 fits in 36.8s  psnr_med=61.1dB  overall 7.9 fits/s
shard_038400: 256 fits in 36.3s  psnr_med=60.4dB  overall 7.9 fits/s
shard_038656: 256 fits in 36.2s  psnr_med=60.6dB  overall 7.9 fits/s
shard_038912: 256 fits in 35.9s  psnr_med=60.7dB  overall 7.9 fits/s
shard_039168: 256 fits in 35.5s  psnr_med=60.2dB  overall 7.9 fits/s
shard_039424: 256 fits in 35.3s  psnr_med=60.0dB  overall 7.9 fits/s
shard_039680: 256 fits in 35.4s  psnr_med=59.6dB  overall 7.9 fits/s
shard_039936: 256 fits in 35.2s  psnr_med=60.3dB  overall 7.9 fits/s
shard_040192: 256 fits in 35.1s  psnr_med=59.0dB  overall 7.9 fits/s
shard_040448: 256 fits in 35.5s  psnr_med=60.0dB  overall 7.9 fits/s
shard_040704: 256 fits in 35.4s  psnr_med=59.5dB  overall 7.9 fits/s
shard_040960: 256 fits in 34.9s  psnr_med=60.0dB  overall 7.9 fits/s
shard_041216: 256 fits in 35.1s  psnr_med=60.3dB  overall 7.9 fits/s
shard_041472: 256 fits in 35.0s  psnr_med=59.5dB  overall 7.9 fits/s
shard_041728: 256 fits in 35.0s  psnr_med=60.5dB  overall 7.9 fits/s
shard_041984: 256 fits in 34.9s  psnr_med=60.5dB  overall 7.9 fits/s
shard_042240: 256 fits in 34.7s  psnr_med=60.1dB  overall 7.9 fits/s
shard_042496: 256 fits in 34.8s  psnr_med=60.1dB  overall 7.9 fits/s
shard_042752: 256 fits in 34.8s  psnr_med=59.0dB  overall 7.9 fits/s
shard_043008: 256 fits in 34.9s  psnr_med=59.8dB  overall 7.9 fits/s
shard_043264: 256 fits in 35.1s  psnr_med=59.9dB  overall 7.9 fits/s
shard_043520: 256 fits in 34.7s  psnr_med=59.6dB  overall 7.9 fits/s
shard_043776: 256 fits in 34.3s  psnr_med=59.6dB  overall 7.9 fits/s
shard_044032: 256 fits in 34.5s  psnr_med=60.4dB  overall 7.8 fits/s
shard_044288: 256 fits in 34.5s  psnr_med=59.5dB  overall 7.8 fits/s
shard_044544: 256 fits in 34.9s  psnr_med=59.8dB  overall 7.8 fits/s
shard_044800: 256 fits in 34.7s  psnr_med=60.2dB  overall 7.8 fits/s
shard_045056: 256 fits in 34.5s  psnr_med=60.0dB  overall 7.8 fits/s
shard_045312: 256 fits in 34.6s  psnr_med=60.1dB  overall 7.8 fits/s
shard_045568: 256 fits in 34.5s  psnr_med=60.5dB  overall 7.8 fits/s
shard_045824: 256 fits in 34.6s  psnr_med=60.3dB  overall 7.8 fits/s
shard_046080: 256 fits in 34.2s  psnr_med=59.7dB  overall 7.8 fits/s
shard_046336: 256 fits in 34.3s  psnr_med=60.0dB  overall 7.8 fits/s
shard_046592: 256 fits in 34.2s  psnr_med=59.8dB  overall 7.8 fits/s
shard_046848: 256 fits in 34.4s  psnr_med=60.0dB  overall 7.8 fits/s
shard_047104: 256 fits in 34.6s  psnr_med=59.7dB  overall 7.8 fits/s
shard_047360: 256 fits in 34.5s  psnr_med=60.3dB  overall 7.8 fits/s
shard_047616: 256 fits in 34.1s  psnr_med=60.2dB  overall 7.8 fits/s
shard_047872: 256 fits in 34.1s  psnr_med=59.8dB  overall 7.8 fits/s
shard_048128: 256 fits in 33.7s  psnr_med=60.1dB  overall 7.8 fits/s
shard_048384: 256 fits in 33.5s  psnr_med=59.1dB  overall 7.8 fits/s
shard_048640: 256 fits in 33.6s  psnr_med=60.5dB  overall 7.8 fits/s
shard_048896: 256 fits in 33.3s  psnr_med=60.7dB  overall 7.8 fits/s
shard_049152: 256 fits in 33.1s  psnr_med=61.0dB  overall 7.8 fits/s
shard_049408: 256 fits in 33.1s  psnr_med=59.8dB  overall 7.8 fits/s
shard_049664: 256 fits in 33.4s  psnr_med=59.7dB  overall 7.8 fits/s
shard_049920: 256 fits in 32.9s  psnr_med=59.8dB  overall 7.8 fits/s
shard_050176: 256 fits in 33.8s  psnr_med=59.2dB  overall 7.8 fits/s
shard_050432: 256 fits in 33.6s  psnr_med=59.4dB  overall 7.8 fits/s
shard_050688: 256 fits in 34.1s  psnr_med=59.7dB  overall 7.8 fits/s
shard_050944: 256 fits in 33.7s  psnr_med=60.2dB  overall 7.8 fits/s
shard_051200: 256 fits in 33.8s  psnr_med=59.9dB  overall 7.8 fits/s
shard_051456: 256 fits in 34.0s  psnr_med=60.1dB  overall 7.8 fits/s
shard_051712: 256 fits in 34.1s  psnr_med=60.7dB  overall 7.8 fits/s
shard_051968: 256 fits in 34.2s  psnr_med=60.1dB  overall 7.8 fits/s
shard_052224: 256 fits in 33.0s  psnr_med=60.0dB  overall 7.8 fits/s
shard_052480: 256 fits in 33.3s  psnr_med=59.6dB  overall 7.8 fits/s
shard_052736: 256 fits in 33.6s  psnr_med=59.9dB  overall 7.8 fits/s
shard_052992: 256 fits in 33.6s  psnr_med=59.7dB  overall 7.8 fits/s
shard_053248: 256 fits in 33.0s  psnr_med=60.4dB  overall 7.8 fits/s
shard_053504: 256 fits in 32.1s  psnr_med=60.5dB  overall 7.8 fits/s
shard_053760: 256 fits in 32.2s  psnr_med=59.9dB  overall 7.8 fits/s
shard_054016: 256 fits in 32.1s  psnr_med=59.8dB  overall 7.8 fits/s
shard_054272: 256 fits in 32.0s  psnr_med=60.2dB  overall 7.8 fits/s
shard_054528: 256 fits in 32.0s  psnr_med=60.0dB  overall 7.8 fits/s
shard_054784: 256 fits in 31.9s  psnr_med=60.1dB  overall 7.8 fits/s
shard_055040: 256 fits in 31.8s  psnr_med=59.4dB  overall 7.8 fits/s
shard_055296: 256 fits in 31.9s  psnr_med=60.5dB  overall 7.8 fits/s
shard_055552: 256 fits in 31.8s  psnr_med=59.4dB  overall 7.8 fits/s
shard_055808: 256 fits in 31.7s  psnr_med=60.3dB  overall 7.8 fits/s
shard_056064: 256 fits in 31.5s  psnr_med=59.5dB  overall 7.8 fits/s
shard_056320: 256 fits in 31.7s  psnr_med=60.2dB  overall 7.8 fits/s
shard_056576: 256 fits in 32.1s  psnr_med=59.9dB  overall 7.8 fits/s
shard_056832: 256 fits in 31.6s  psnr_med=59.7dB  overall 7.8 fits/s
shard_057088: 256 fits in 31.4s  psnr_med=60.4dB  overall 7.8 fits/s
shard_057344: 256 fits in 31.5s  psnr_med=60.6dB  overall 7.8 fits/s
shard_057600: 256 fits in 31.3s  psnr_med=59.9dB  overall 7.8 fits/s
shard_057856: 256 fits in 31.3s  psnr_med=60.8dB  overall 7.8 fits/s
shard_058112: 256 fits in 31.3s  psnr_med=59.7dB  overall 7.8 fits/s
shard_058368: 256 fits in 31.3s  psnr_med=59.8dB  overall 7.8 fits/s
shard_058624: 256 fits in 31.1s  psnr_med=60.0dB  overall 7.8 fits/s
shard_058880: 256 fits in 31.3s  psnr_med=60.2dB  overall 7.8 fits/s
shard_059136: 256 fits in 31.2s  psnr_med=59.2dB  overall 7.8 fits/s
shard_059392: 256 fits in 31.2s  psnr_med=59.5dB  overall 7.8 fits/s
shard_059648: 256 fits in 31.1s  psnr_med=59.7dB  overall 7.8 fits/s
shard_059904: 96 fits in 11.7s  psnr_med=60.1dB  overall 7.8 fits/s
{
  "n_inrs": 60000,
  "psnr_median": 59.95676803588867,
  "psnr_q05": 51.30057544708252,
  "corr_psnr_label": -0.0178833554794416,
  "wallclock_total_s": 7667.243385791779
}
--- quality gates Thu Jul 30 16:44:08 +03 2026 ---
usage: 04_quality_gate.py [-h] --dir DIR
                          [--dataset {cifar10,cifar10gray,fashionmnist,mnist}]
                          [--eval-split {val,test}] [--device DEVICE]
                          [--limit LIMIT] [--gate-epochs GATE_EPOCHS]
04_quality_gate.py: error: the following arguments are required: --dir
GATE FAILED P-shared-det
usage: 04_quality_gate.py [-h] --dir DIR
                          [--dataset {cifar10,cifar10gray,fashionmnist,mnist}]
                          [--eval-split {val,test}] [--device DEVICE]
                          [--limit LIMIT] [--gate-epochs GATE_EPOCHS]
04_quality_gate.py: error: the following arguments are required: --dir
GATE FAILED P-random
=== grayscale CIFAR corpus complete Thu Jul 30 16:44:10 +03 2026 ===
